Archive member included to satisfy reference by file (symbol)

c:/st/stm32cubeide_1.9.0/stm32cubeide/plugins/com.st.stm32cube.ide.mcu.externaltools.gnu-tools-for-stm32.10.3-2021.10.win32_1.0.0.202111181127/tools/bin/../lib/gcc/arm-none-eabi/10.3.1/../../../../arm-none-eabi/lib/thumb/v7e-m+fp/hard\libc_nano.a(lib_a-atoi.o)
                              ./Drivers/ioLibrary_Driver-master/Internet/FTPServer/ftpd.o (atoi)
c:/st/stm32cubeide_1.9.0/stm32cubeide/plugins/com.st.stm32cube.ide.mcu.externaltools.gnu-tools-for-stm32.10.3-2021.10.win32_1.0.0.202111181127/tools/bin/../lib/gcc/arm-none-eabi/10.3.1/../../../../arm-none-eabi/lib/thumb/v7e-m+fp/hard\libc_nano.a(lib_a-ctype_.o)
                              ./Drivers/ioLibrary_Driver-master/Internet/FTPServer/ftpd.o (_ctype_)
c:/st/stm32cubeide_1.9.0/stm32cubeide/plugins/com.st.stm32cube.ide.mcu.externaltools.gnu-tools-for-stm32.10.3-2021.10.win32_1.0.0.202111181127/tools/bin/../lib/gcc/arm-none-eabi/10.3.1/../../../../arm-none-eabi/lib/thumb/v7e-m+fp/hard\libc_nano.a(lib_a-errno.o)
                              ./Core/Src/syscalls.o (__errno)
c:/st/stm32cubeide_1.9.0/stm32cubeide/plugins/com.st.stm32cube.ide.mcu.externaltools.gnu-tools-for-stm32.10.3-2021.10.win32_1.0.0.202111181127/tools/bin/../lib/gcc/arm-none-eabi/10.3.1/../../../../arm-none-eabi/lib/thumb/v7e-m+fp/hard\libc_nano.a(lib_a-exit.o)
                              c:/st/stm32cubeide_1.9.0/stm32cubeide/plugins/com.st.stm32cube.ide.mcu.externaltools.gnu-tools-for-stm32.10.3-2021.10.win32_1.0.0.202111181127/tools/bin/../lib/gcc/arm-none-eabi/10.3.1/../../../../arm-none-eabi/lib/thumb/v7e-m+fp/hard/crt0.o (exit)
c:/st/stm32cubeide_1.9.0/stm32cubeide/plugins/com.st.stm32cube.ide.mcu.externaltools.gnu-tools-for-stm32.10.3-2021.10.win32_1.0.0.202111181127/tools/bin/../lib/gcc/arm-none-eabi/10.3.1/../../../../arm-none-eabi/lib/thumb/v7e-m+fp/hard\libc_nano.a(lib_a-impure.o)
                              c:/st/stm32cubeide_1.9.0/stm32cubeide/plugins/com.st.stm32cube.ide.mcu.externaltools.gnu-tools-for-stm32.10.3-2021.10.win32_1.0.0.202111181127/tools/bin/../lib/gcc/arm-none-eabi/10.3.1/../../../../arm-none-eabi/lib/thumb/v7e-m+fp/hard\libc_nano.a(lib_a-exit.o) (_global_impure_ptr)
c:/st/stm32cubeide_1.9.0/stm32cubeide/plugins/com.st.stm32cube.ide.mcu.externaltools.gnu-tools-for-stm32.10.3-2021.10.win32_1.0.0.202111181127/tools/bin/../lib/gcc/arm-none-eabi/10.3.1/../../../../arm-none-eabi/lib/thumb/v7e-m+fp/hard\libc_nano.a(lib_a-init.o)
                              c:/st/stm32cubeide_1.9.0/stm32cubeide/plugins/com.st.stm32cube.ide.mcu.externaltools.gnu-tools-for-stm32.10.3-2021.10.win32_1.0.0.202111181127/tools/bin/../lib/gcc/arm-none-eabi/10.3.1/../../../../arm-none-eabi/lib/thumb/v7e-m+fp/hard/crt0.o (__libc_init_array)
c:/st/stm32cubeide_1.9.0/stm32cubeide/plugins/com.st.stm32cube.ide.mcu.externaltools.gnu-tools-for-stm32.10.3-2021.10.win32_1.0.0.202111181127/tools/bin/../lib/gcc/arm-none-eabi/10.3.1/../../../../arm-none-eabi/lib/thumb/v7e-m+fp/hard\libc_nano.a(lib_a-malloc.o)
                              ./Middlewares/Third_Party/FatFs/src/option/syscall.o (malloc)
c:/st/stm32cubeide_1.9.0/stm32cubeide/plugins/com.st.stm32cube.ide.mcu.externaltools.gnu-tools-for-stm32.10.3-2021.10.win32_1.0.0.202111181127/tools/bin/../lib/gcc/arm-none-eabi/10.3.1/../../../../arm-none-eabi/lib/thumb/v7e-m+fp/hard\libc_nano.a(lib_a-memcmp.o)
                              ./Drivers/ioLibrary_Driver-master/Internet/MQTT/MQTTPacket/src/MQTTConnectServer.o (memcmp)
c:/st/stm32cubeide_1.9.0/stm32cubeide/plugins/com.st.stm32cube.ide.mcu.externaltools.gnu-tools-for-stm32.10.3-2021.10.win32_1.0.0.202111181127/tools/bin/../lib/gcc/arm-none-eabi/10.3.1/../../../../arm-none-eabi/lib/thumb/v7e-m+fp/hard\libc_nano.a(lib_a-memcpy-stub.o)
                              ./Drivers/ioLibrary_Driver-master/Internet/MQTT/MQTTClient.o (memcpy)
c:/st/stm32cubeide_1.9.0/stm32cubeide/plugins/com.st.stm32cube.ide.mcu.externaltools.gnu-tools-for-stm32.10.3-2021.10.win32_1.0.0.202111181127/tools/bin/../lib/gcc/arm-none-eabi/10.3.1/../../../../arm-none-eabi/lib/thumb/v7e-m+fp/hard\libc_nano.a(lib_a-memset.o)
                              c:/st/stm32cubeide_1.9.0/stm32cubeide/plugins/com.st.stm32cube.ide.mcu.externaltools.gnu-tools-for-stm32.10.3-2021.10.win32_1.0.0.202111181127/tools/bin/../lib/gcc/arm-none-eabi/10.3.1/../../../../arm-none-eabi/lib/thumb/v7e-m+fp/hard/crt0.o (memset)
c:/st/stm32cubeide_1.9.0/stm32cubeide/plugins/com.st.stm32cube.ide.mcu.externaltools.gnu-tools-for-stm32.10.3-2021.10.win32_1.0.0.202111181127/tools/bin/../lib/gcc/arm-none-eabi/10.3.1/../../../../arm-none-eabi/lib/thumb/v7e-m+fp/hard\libc_nano.a(lib_a-nano-freer.o)
                              c:/st/stm32cubeide_1.9.0/stm32cubeide/plugins/com.st.stm32cube.ide.mcu.externaltools.gnu-tools-for-stm32.10.3-2021.10.win32_1.0.0.202111181127/tools/bin/../lib/gcc/arm-none-eabi/10.3.1/../../../../arm-none-eabi/lib/thumb/v7e-m+fp/hard\libc_nano.a(lib_a-malloc.o) (_free_r)
[...]
Memory Configuration

Name             Origin             Length             Attributes
RAM              0x0000000020000000 0x0000000000020000 xrw
FLASH            0x0000000008000000 0x0000000000080000 xr
*default*        0x0000000000000000 0xffffffffffffffff

Linker script and memory map

LOAD c:/st/stm32cubeide_1.9.0/stm32cubeide/plugins/com.st.stm32cube.ide.mcu.externaltools.gnu-tools-for-stm32.10.3-2021.10.win32_1.0.0.202111181127/tools/bin/../lib/gcc/arm-none-eabi/10.3.1/thumb/v7e-m+fp/hard/crti.o
LOAD c:/st/stm32cubeide_1.9.0/stm32cubeide/plugins/com.st.stm32cube.ide.mcu.externaltools.gnu-tools-for-stm32.10.3-2021.10.win32_1.0.0.202111181127/tools/bin/../lib/gcc/arm-none-eabi/10.3.1/thumb/v7e-m+fp/hard/crtbegin.o
LOAD c:/st/stm32cubeide_1.9.0/stm32cubeide/plugins/com.st.stm32cube.ide.mcu.externaltools.gnu-tools-for-stm32.10.3-2021.10.win32_1.0.0.202111181127/tools/bin/../lib/gcc/arm-none-eabi/10.3.1/../../../../arm-none-eabi/lib/thumb/v7e-m+fp/hard/crt0.o
LOAD ./Core/Src/main.o
LOAD ./Core/Src/stm32g4xx_hal_msp.o
LOAD ./Core/Src/stm32g4xx_hal_timebase_tim.o
LOAD ./Core/Src/stm32g4xx_it.o
LOAD ./Core/Src/syscalls.o
LOAD ./Core/Src/sysmem.o
LOAD ./Core/Src/system_stm32g4xx.o
LOAD ./Core/Startup/startup_stm32g474retx.o
LOAD ./Drivers/STM32G4xx_HAL_Driver/Src/stm32g4xx_hal.o
LOAD ./Drivers/STM32G4xx_HAL_Driver/Src/stm32g4xx_hal_adc.o
LOAD ./Drivers/STM32G4xx_HAL_Driver/Src/stm32g4xx_hal_adc_ex.o
LOAD ./Drivers/STM32G4xx_HAL_Driver/Src/stm32g4xx_hal_cortex.o
LOAD ./Drivers/STM32G4xx_HAL_Driver/Src/stm32g4xx_hal_dma.o
LOAD ./Drivers/STM32G4xx_HAL_Driver/Src/stm32g4xx_hal_dma_ex.o
LOAD ./Drivers/STM32G4xx_HAL_Driver/Src/stm32g4xx_hal_exti.o
LOAD ./Drivers/STM32G4xx_HAL_Driver/Src/stm32g4xx_hal_flash.o
LOAD ./Drivers/STM32G4xx_HAL_Driver/Src/stm32g4xx_hal_flash_ex.o
LOAD ./Drivers/STM32G4xx_HAL_Driver/Src/stm32g4xx_hal_flash_ramfunc.o
LOAD ./Drivers/STM32G4xx_HAL_Driver/Src/stm32g4xx_hal_gpio.o
LOAD ./Drivers/STM32G4xx_HAL_Driver/Src/stm32g4xx_hal_pwr.o
LOAD ./Drivers/STM32G4xx_HAL_Driver/Src/stm32g4xx_hal_pwr_ex.o
LOAD ./Drivers/STM32G4xx_HAL_Driver/Src/stm32g4xx_hal_rcc.o
LOAD ./Drivers/STM32G4xx_HAL_Driver/Src/stm32g4xx_hal_rcc_ex.o
LOAD ./Drivers/STM32G4xx_HAL_Driver/Src/stm32g4xx_hal_rtc.o
LOAD ./Drivers/STM32G4xx_HAL_Driver/Src/stm32g4xx_hal_rtc_ex.o
LOAD ./Drivers/STM32G4xx_HAL_Driver/Src/stm32g4xx_hal_spi.o
LOAD ./Drivers/STM32G4xx_HAL_Driver/Src/stm32g4xx_hal_spi_ex.o
LOAD ./Drivers/STM32G4xx_HAL_Driver/Src/stm32g4xx_hal_tim.o
LOAD ./Drivers/STM32G4xx_HAL_Driver/Src/stm32g4xx_hal_tim_ex.o
LOAD ./Drivers/STM32G4xx_HAL_Driver/Src/stm32g4xx_hal_uart.o
LOAD ./Drivers/STM32G4xx_HAL_Driver/Src/stm32g4xx_hal_uart_ex.o
LOAD ./Drivers/STM32G4xx_HAL_Driver/Src/stm32g4xx_ll_adc.o
LOAD ./Drivers/ioLibrary_Driver-master/Application/loopback/loopback.o
LOAD ./Drivers/ioLibrary_Driver-master/Application/multicast/multicast.o
LOAD ./Drivers/ioLibrary_Driver-master/Ethernet/W5500/w5500.o
LOAD ./Drivers/ioLibrary_Driver-master/Ethernet/socket.o
LOAD ./Drivers/ioLibrary_Driver-master/Ethernet/wizchip_conf.o
LOAD ./Drivers/ioLibrary_Driver-master/Internet/FTPServer/ftpd.o
LOAD ./Drivers/ioLibrary_Driver-master/Internet/MQTT/MQTTClient.o
LOAD ./Drivers/ioLibrary_Driver-master/Internet/MQTT/mqtt_interface.o
LOAD ./Drivers/ioLibrary_Driver-master/Internet/MQTT/MQTTPacket/src/MQTTConnectClient.o
LOAD ./Drivers/ioLibrary_Driver-master/Internet/MQTT/MQTTPacket/src/MQTTConnectServer.o
LOAD ./Drivers/ioLibrary_Driver-master/Internet/MQTT/MQTTPacket/src/MQTTDeserializePublish.o
LOAD ./Drivers/ioLibrary_Driver-master/Internet/MQTT/MQTTPacket/src/MQTTFormat.o
LOAD ./Drivers/ioLibrary_Driver-master/Internet/MQTT/MQTTPacket/src/MQTTPacket.o
LOAD ./Drivers/ioLibrary_Driver-master/Internet/MQTT/MQTTPacket/src/MQTTSerializePublish.o
LOAD ./Drivers/ioLibrary_Driver-master/Internet/MQTT/MQTTPacket/src/MQTTSubscribeClient.o
LOAD ./Drivers/ioLibrary_Driver-master/Internet/MQTT/MQTTPacket/src/MQTTSubscribeServer.o
LOAD ./Drivers/ioLibrary_Driver-master/Internet/MQTT/MQTTPacket/src/MQTTUnsubscribeClient.o
LOAD ./Drivers/ioLibrary_Driver-master/Internet/MQTT/MQTTPacket/src/MQTTUnsubscribeServer.o
LOAD ./FATFS/App/app_fatfs.o
LOAD ./FATFS/Target/fatfs_sd.o
LOAD ./FATFS/Target/user_diskio.o
LOAD ./Middlewares/Third_Party/FatFs/src/diskio.o
LOAD ./Middlewares/Third_Party/FatFs/src/ff.o
LOAD ./Middlewares/Third_Party/FatFs/src/ff_gen_drv.o
LOAD ./Middlewares/Third_Party/FatFs/src/option/ccsbcs.o
LOAD ./Middlewares/Third_Party/FatFs/src/option/syscall.o
START GROUP
LOAD c:/st/stm32cubeide_1.9.0/stm32cubeide/plugins/com.st.stm32cube.ide.mcu.externaltools.gnu-tools-for-stm32.10.3-2021.10.win32_1.0.0.202111181127/tools/bin/../lib/gcc/arm-none-eabi/10.3.1/../../../../arm-none-eabi/lib/thumb/v7e-m+fp/hard\libc_nano.a
LOAD c:/st/stm32cubeide_1.9.0/stm32cubeide/plugins/com.st.stm32cube.ide.mcu.externaltools.gnu-tools-for-stm32.10.3-2021.10.win32_1.0.0.202111181127/tools/bin/../lib/gcc/arm-none-eabi/10.3.1/../../../../arm-none-eabi/lib/thumb/v7e-m+fp/hard\libm.a
END GROUP
START GROUP
LOAD c:/st/stm32cubeide_1.9.0/stm32cubeide/plugins/com.st.stm32cube.ide.mcu.externaltools.gnu-tools-for-stm32.10.3-2021.10.win32_1.0.0.202111181127/tools/bin/../lib/gcc/arm-none-eabi/10.3.1/thumb/v7e-m+fp/hard\libgcc.a
LOAD c:/st/stm32cubeide_1.9.0/stm32cubeide/plugins/com.st.stm32cube.ide.mcu.externaltools.gnu-tools-for-stm32.10.3-2021.10.win32_1.0.0.202111181127/tools/bin/../lib/gcc/arm-none-eabi/10.3.1/../../../../arm-none-eabi/lib/thumb/v7e-m+fp/hard\libc_nano.a
END GROUP
START GROUP
LOAD c:/st/stm32cubeide_1.9.0/stm32cubeide/plugins/com.st.stm32cube.ide.mcu.externaltools.gnu-tools-for-stm32.10.3-2021.10.win32_1.0.0.202111181127/tools/bin/../lib/gcc/arm-none-eabi/10.3.1/thumb/v7e-m+fp/hard\libgcc.a
LOAD c:/st/stm32cubeide_1.9.0/stm32cubeide/plugins/com.st.stm32cube.ide.mcu.externaltools.gnu-tools-for-stm32.10.3-2021.10.win32_1.0.0.202111181127/tools/bin/../lib/gcc/arm-none-eabi/10.3.1/../../../../arm-none-eabi/lib/thumb/v7e-m+fp/hard\libc_nano.a
LOAD c:/st/stm32cubeide_1.9.0/stm32cubeide/plugins/com.st.stm32cube.ide.mcu.externaltools.gnu-tools-for-stm32.10.3-2021.10.win32_1.0.0.202111181127/tools/bin/../lib/gcc/arm-none-eabi/10.3.1/../../../../arm-none-eabi/lib/thumb/v7e-m+fp/hard\libnosys.a
END GROUP
START GROUP
LOAD c:/st/stm32cubeide_1.9.0/stm32cubeide/plugins/com.st.stm32cube.ide.mcu.externaltools.gnu-tools-for-stm32.10.3-2021.10.win32_1.0.0.202111181127/tools/bin/../lib/gcc/arm-none-eabi/10.3.1/thumb/v7e-m+fp/hard\libgcc.a
LOAD c:/st/stm32cubeide_1.9.0/stm32cubeide/plugins/com.st.stm32cube.ide.mcu.externaltools.gnu-tools-for-stm32.10.3-2021.10.win32_1.0.0.202111181127/tools/bin/../lib/gcc/arm-none-eabi/10.3.1/../../../../arm-none-eabi/lib/thumb/v7e-m+fp/hard\libc_nano.a
LOAD c:/st/stm32cubeide_1.9.0/stm32cubeide/plugins/com.st.stm32cube.ide.mcu.externaltools.gnu-tools-for-stm32.10.3-2021.10.win32_1.0.0.202111181127/tools/bin/../lib/gcc/arm-none-eabi/10.3.1/../../../../arm-none-eabi/lib/thumb/v7e-m+fp/hard\libnosys.a
END GROUP
LOAD c:/st/stm32cubeide_1.9.0/stm32cubeide/plugins/com.st.stm32cube.ide.mcu.externaltools.gnu-tools-for-stm32.10.3-2021.10.win32_1.0.0.202111181127/tools/bin/../lib/gcc/arm-none-eabi/10.3.1/thumb/v7e-m+fp/hard/crtend.o
LOAD c:/st/stm32cubeide_1.9.0/stm32cubeide/plugins/com.st.stm32cube.ide.mcu.externaltools.gnu-tools-for-stm32.10.3-2021.10.win32_1.0.0.202111181127/tools/bin/../lib/gcc/arm-none-eabi/10.3.1/thumb/v7e-m+fp/hard/crtn.o
                0x0000000020020000                _estack = (ORIGIN (RAM) + LENGTH (RAM))
                0x0000000000000200                _Min_Heap_Size = 0x200
                0x0000000000000400                _Min_Stack_Size = 0x400

.isr_vector     0x0000000008000000      0x1d8
                0x0000000008000000                . = ALIGN (0x4)
 *(.isr_vector)
 .isr_vector    0x0000000008000000      0x1d8 ./Core/Startup/startup_stm32g474retx.o
                0x0000000008000000                g_pfnVectors
                0x00000000080001d8                . = ALIGN (0x4)

.text           0x00000000080001e0     0xfa48
                0x00000000080001e0                . = ALIGN (0x4)
 *(.text)
 .text          0x00000000080001e0       0x40 c:/st/stm32cubeide_1.9.0/stm32cubeide/plugins/com.st.stm32cube.ide.mcu.externaltools.gnu-tools-for-stm32.10.3-2021.10.win32_1.0.0.202111181127/tools/bin/../lib/gcc/arm-none-eabi/10.3.1/thumb/v7e-m+fp/hard/crtbegin.o
 .text          0x0000000008000220       0x14 c:/st/stm32cubeide_1.9.0/stm32cubeide/plugins/com.st.stm32cube.ide.mcu.externaltools.gnu-tools-for-stm32.10.3-2021.10.win32_1.0.0.202111181127/tools/bin/../lib/gcc/arm-none-eabi/10.3.1/../../../../arm-none-eabi/lib/thumb/v7e-m+fp/hard\libc_nano.a(lib_a-strcmp.o)
                0x0000000008000220                strcmp
 .text          0x0000000008000234       0x10 c:/st/stm32cubeide_1.9.0/stm32cubeide/plugins/com.st.stm32cube.ide.mcu.externaltools.gnu-tools-for-stm32.10.3-2021.10.win32_1.0.0.202111181127/tools/bin/../lib/gcc/arm-none-eabi/10.3.1/../../../../arm-none-eabi/lib/thumb/v7e-m+fp/hard\libc_nano.a(lib_a-strlen.o)
                0x0000000008000234                strlen
 *fill*         0x0000000008000244        0xc 
 .text          0x0000000008000250       0xa0 c:/st/stm32cubeide_1.9.0/stm32cubeide/plugins/com.st.stm32cube.ide.mcu.externaltools.gnu-tools-for-stm32.10.3-2021.10.win32_1.0.0.202111181127/tools/bin/../lib/gcc/arm-none-eabi/10.3.1/../../../../arm-none-eabi/lib/thumb/v7e-m+fp/hard\libc_nano.a(lib_a-memchr.o)
                0x0000000008000250                memchr
 .text          0x00000000080002f0       0x30 c:/st/stm32cubeide_1.9.0/stm32cubeide/plugins/com.st.stm32cube.ide.mcu.externaltools.gnu-tools-for-stm32.10.3-2021.10.win32_1.0.0.202111181127/tools/bin/../lib/gcc/arm-none-eabi/10.3.1/thumb/v7e-m+fp/hard\libgcc.a(_aeabi_uldivmod.o)
                0x00000000080002f0                __aeabi_uldivmod
 .text          0x0000000008000320      0x2d0 c:/st/stm32cubeide_1.9.0/stm32cubeide/plugins/com.st.stm32cube.ide.mcu.externaltools.gnu-tools-for-stm32.10.3-2021.10.win32_1.0.0.202111181127/tools/bin/../lib/gcc/arm-none-eabi/10.3.1/thumb/v7e-m+fp/hard\libgcc.a(_udivmoddi4.o)
                0x0000000008000320                __udivmoddi4
 .text          0x00000000080005f0        0x4 c:/st/stm32cubeide_1.9.0/stm32cubeide/plugins/com.st.stm32cube.ide.mcu.externaltools.gnu-tools-for-stm32.10.3-2021.10.win32_1.0.0.202111181127/tools/bin/../lib/gcc/arm-none-eabi/10.3.1/thumb/v7e-m+fp/hard\libgcc.a(_dvmd_tls.o)
                0x00000000080005f0                __aeabi_idiv0
                0x00000000080005f0                __aeabi_ldiv0
 *(.text*)
 .text.main     0x00000000080005f4      0x1f8 ./Core/Src/main.o
                0x00000000080005f4                main
 .text.SystemClock_Config
                0x00000000080007ec       0xb4 ./Core/Src/main.o
                0x00000000080007ec                SystemClock_Config
 .text.MX_ADC1_Init
                0x00000000080008a0      0x1b4 ./Core/Src/main.o
 .text.MX_ADC2_Init
                0x0000000008000a54      0x17c ./Core/Src/main.o
 .text.MX_LPUART1_UART_Init
                0x0000000008000bd0       0x94 ./Core/Src/main.o
 .text.MX_RTC_Init
                0x0000000008000c64       0xc4 ./Core/Src/main.o
 .text.MX_SPI2_Init
                0x0000000008000d28       0x7c ./Core/Src/main.o
 .text.MX_SPI3_Init
                0x0000000008000da4       0x7c ./Core/Src/main.o
 .text.MX_TIM2_Init
                0x0000000008000e20       0x9c ./Core/Src/main.o
 .text.MX_DMA_Init
                0x0000000008000ebc       0x54 ./Core/Src/main.o
 .text.MX_GPIO_Init
                0x0000000008000f10      0x164 ./Core/Src/main.o
 .text.SDTimer_Handler
                0x0000000008001074       0x40 ./Core/Src/main.o
                0x0000000008001074                SDTimer_Handler
 .text.CS_SEL_FUN
                0x00000000080010b4       0x18 ./Core/Src/main.o
                0x00000000080010b4                CS_SEL_FUN
 .text.CS_DES_FUN
                0x00000000080010cc       0x18 ./Core/Src/main.o
                0x00000000080010cc                CS_DES_FUN
 .text.SPI_Received
                0x00000000080010e4       0x20 ./Core/Src/main.o
                0x00000000080010e4                SPI_Received
 .text.SPI_Transmit
                0x0000000008001104       0x24 ./Core/Src/main.o
                0x0000000008001104                SPI_Transmit
 .text.HAL_TIM_PeriodElapsedCallback
                0x0000000008001128       0x30 ./Core/Src/main.o
                0x0000000008001128                HAL_TIM_PeriodElapsedCallback
 .text.Error_Handler
                0x0000000008001158       0x3c ./Core/Src/main.o
                0x0000000008001158                Error_Handler
 .text.HAL_MspInit
                0x0000000008001194       0x48 ./Core/Src/stm32g4xx_hal_msp.o
                0x0000000008001194                HAL_MspInit
 .text.HAL_ADC_MspInit
                0x00000000080011dc      0x258 ./Core/Src/stm32g4xx_hal_msp.o
                0x00000000080011dc                HAL_ADC_MspInit
 .text.HAL_UART_MspInit
                0x0000000008001434       0xb0 ./Core/Src/stm32g4xx_hal_msp.o
                0x0000000008001434                HAL_UART_MspInit
 .text.HAL_RTC_MspInit
                0x00000000080014e4       0x78 ./Core/Src/stm32g4xx_hal_msp.o
                0x00000000080014e4                HAL_RTC_MspInit
 .text.HAL_SPI_MspInit
                0x000000000800155c       0xf0 ./Core/Src/stm32g4xx_hal_msp.o
                0x000000000800155c                HAL_SPI_MspInit
 .text.HAL_TIM_Base_MspInit
                0x000000000800164c       0x48 ./Core/Src/stm32g4xx_hal_msp.o
                0x000000000800164c                HAL_TIM_Base_MspInit
 .text.HAL_InitTick
                0x0000000008001694       0xe0 ./Core/Src/stm32g4xx_hal_timebase_tim.o
                0x0000000008001694                HAL_InitTick
 .text.NMI_Handler
                0x0000000008001774        0x6 ./Core/Src/stm32g4xx_it.o
                0x0000000008001774                NMI_Handler
 .text.HardFault_Handler
                0x000000000800177a        0x6 ./Core/Src/stm32g4xx_it.o
                0x000000000800177a                HardFault_Handler
 .text.MemManage_Handler
                0x0000000008001780        0x6 ./Core/Src/stm32g4xx_it.o
                0x0000000008001780                MemManage_Handler
 .text.BusFault_Handler
                0x0000000008001786        0x6 ./Core/Src/stm32g4xx_it.o
                0x0000000008001786                BusFault_Handler
 .text.UsageFault_Handler
                0x000000000800178c        0x6 ./Core/Src/stm32g4xx_it.o
                0x000000000800178c                UsageFault_Handler
 .text.SVC_Handler
                0x0000000008001792        0xe ./Core/Src/stm32g4xx_it.o
                0x0000000008001792                SVC_Handler
 .text.DebugMon_Handler
                0x00000000080017a0        0xe ./Core/Src/stm32g4xx_it.o
                0x00000000080017a0                DebugMon_Handler
 .text.PendSV_Handler
                0x00000000080017ae        0xe ./Core/Src/stm32g4xx_it.o
                0x00000000080017ae                PendSV_Handler
 .text.SysTick_Handler
                0x00000000080017bc        0xe ./Core/Src/stm32g4xx_it.o
                0x00000000080017bc                SysTick_Handler
 *fill*         0x00000000080017ca        0x2 
 .text.DMA1_Channel1_IRQHandler
                0x00000000080017cc       0x14 ./Core/Src/stm32g4xx_it.o
                0x00000000080017cc                DMA1_Channel1_IRQHandler
 .text.TIM2_IRQHandler
                0x00000000080017e0       0x14 ./Core/Src/stm32g4xx_it.o
                0x00000000080017e0                TIM2_IRQHandler
 .text.EXTI15_10_IRQHandler
                0x00000000080017f4       0x10 ./Core/Src/stm32g4xx_it.o
                0x00000000080017f4                EXTI15_10_IRQHandler
 .text.TIM6_DAC_IRQHandler
                0x0000000008001804       0x14 ./Core/Src/stm32g4xx_it.o
                0x0000000008001804                TIM6_DAC_IRQHandler
 .text.ITM_SendChar
                0x0000000008001818       0x4e ./Core/Src/syscalls.o
 .text._getpid  0x0000000008001866       0x10 ./Core/Src/syscalls.o
                0x0000000008001866                _getpid
 .text._kill    0x0000000008001876       0x20 ./Core/Src/syscalls.o
                0x0000000008001876                _kill
 .text._exit    0x0000000008001896       0x14 ./Core/Src/syscalls.o
                0x0000000008001896                _exit
 .text._read    0x00000000080018aa       0x3a ./Core/Src/syscalls.o
                0x00000000080018aa                _read
 .text._write   0x00000000080018e4       0x38 ./Core/Src/syscalls.o
                0x00000000080018e4                _write
 .text._close   0x000000000800191c       0x18 ./Core/Src/syscalls.o
                0x000000000800191c                _close
 .text._fstat   0x0000000008001934       0x20 ./Core/Src/syscalls.o
                0x0000000008001934                _fstat
 .text._isatty  0x0000000008001954       0x16 ./Core/Src/syscalls.o
                0x0000000008001954                _isatty
 .text._lseek   0x000000000800196a       0x1a ./Core/Src/syscalls.o
                0x000000000800196a                _lseek
 .text._sbrk    0x0000000008001984       0x6c ./Core/Src/sysmem.o
                0x0000000008001984                _sbrk
 .text.SystemInit
                0x00000000080019f0       0x24 ./Core/Src/system_stm32g4xx.o
                0x00000000080019f0                SystemInit
 .text.Reset_Handler
                0x0000000008001a14       0x50 ./Core/Startup/startup_stm32g474retx.o
                0x0000000008001a14                Reset_Handler
 .text.Default_Handler
                0x0000000008001a64        0x2 ./Core/Startup/startup_stm32g474retx.o
                0x0000000008001a64                RTC_Alarm_IRQHandler
                0x0000000008001a64                EXTI2_IRQHandler
                0x0000000008001a64                TIM8_TRG_COM_IRQHandler
                0x0000000008001a64                TIM8_CC_IRQHandler
                0x0000000008001a64                HRTIM1_Master_IRQHandler
                0x0000000008001a64                SPI4_IRQHandler
                0x0000000008001a64                FDCAN3_IT0_IRQHandler
                0x0000000008001a64                TIM1_CC_IRQHandler
                0x0000000008001a64                HRTIM1_FLT_IRQHandler
                0x0000000008001a64                HRTIM1_TIMF_IRQHandler
                0x0000000008001a64                USB_HP_IRQHandler
                0x0000000008001a64                CORDIC_IRQHandler
                0x0000000008001a64                HRTIM1_TIMD_IRQHandler
                0x0000000008001a64                DMA2_Channel8_IRQHandler
                0x0000000008001a64                EXTI3_IRQHandler
                0x0000000008001a64                I2C3_ER_IRQHandler
                0x0000000008001a64                EXTI0_IRQHandler
                0x0000000008001a64                I2C2_EV_IRQHandler
                0x0000000008001a64                FPU_IRQHandler
                0x0000000008001a64                FDCAN1_IT1_IRQHandler
                0x0000000008001a64                TIM1_UP_TIM16_IRQHandler
                0x0000000008001a64                ADC1_2_IRQHandler
                0x0000000008001a64                HRTIM1_TIME_IRQHandler
                0x0000000008001a64                SPI1_IRQHandler
                0x0000000008001a64                HRTIM1_TIMC_IRQHandler
                0x0000000008001a64                TIM8_UP_IRQHandler
                0x0000000008001a64                DMA2_Channel2_IRQHandler
                0x0000000008001a64                DMA1_Channel4_IRQHandler
                0x0000000008001a64                TIM20_TRG_COM_IRQHandler
                0x0000000008001a64                USART3_IRQHandler
                0x0000000008001a64                DMA1_Channel7_IRQHandler
                0x0000000008001a64                UART5_IRQHandler
                0x0000000008001a64                ADC3_IRQHandler
                0x0000000008001a64                TIM4_IRQHandler
                0x0000000008001a64                DMA2_Channel1_IRQHandler
                0x0000000008001a64                QUADSPI_IRQHandler
                0x0000000008001a64                I2C1_EV_IRQHandler
                0x0000000008001a64                DMA1_Channel6_IRQHandler
                0x0000000008001a64                UART4_IRQHandler
                0x0000000008001a64                DMA2_Channel4_IRQHandler
                0x0000000008001a64                TIM3_IRQHandler
                0x0000000008001a64                RCC_IRQHandler
                0x0000000008001a64                TIM20_UP_IRQHandler
                0x0000000008001a64                Default_Handler
                0x0000000008001a64                DMA2_Channel7_IRQHandler
                0x0000000008001a64                RTC_TAMP_LSECSS_IRQHandler
                0x0000000008001a64                FMAC_IRQHandler
                0x0000000008001a64                DMA1_Channel8_IRQHandler
                0x0000000008001a64                HRTIM1_TIMA_IRQHandler
                0x0000000008001a64                TIM7_DAC_IRQHandler
                0x0000000008001a64                FDCAN3_IT1_IRQHandler
                0x0000000008001a64                TIM5_IRQHandler
                0x0000000008001a64                UCPD1_IRQHandler
                0x0000000008001a64                I2C3_EV_IRQHandler
                0x0000000008001a64                EXTI9_5_IRQHandler
                0x0000000008001a64                RTC_WKUP_IRQHandler
                0x0000000008001a64                PVD_PVM_IRQHandler
                0x0000000008001a64                SPI2_IRQHandler
                0x0000000008001a64                ADC5_IRQHandler
                0x0000000008001a64                DMA2_Channel5_IRQHandler
                0x0000000008001a64                CRS_IRQHandler
                0x0000000008001a64                DMA1_Channel5_IRQHandler
                0x0000000008001a64                USB_LP_IRQHandler
                0x0000000008001a64                EXTI4_IRQHandler
                0x0000000008001a64                RNG_IRQHandler
                0x0000000008001a64                HRTIM1_TIMB_IRQHandler
                0x0000000008001a64                TIM1_TRG_COM_TIM17_IRQHandler
                0x0000000008001a64                FDCAN2_IT1_IRQHandler
                0x0000000008001a64                DMA1_Channel3_IRQHandler
                0x0000000008001a64                ADC4_IRQHandler
                0x0000000008001a64                WWDG_IRQHandler
                0x0000000008001a64                I2C4_EV_IRQHandler
                0x0000000008001a64                FDCAN2_IT0_IRQHandler
                0x0000000008001a64                LPUART1_IRQHandler
                0x0000000008001a64                DMA2_Channel6_IRQHandler
                0x0000000008001a64                FDCAN1_IT0_IRQHandler
                0x0000000008001a64                COMP7_IRQHandler
                0x0000000008001a64                COMP1_2_3_IRQHandler
                0x0000000008001a64                EXTI1_IRQHandler
                0x0000000008001a64                USART2_IRQHandler
                0x0000000008001a64                COMP4_5_6_IRQHandler
                0x0000000008001a64                TIM20_BRK_IRQHandler
                0x0000000008001a64                I2C2_ER_IRQHandler
                0x0000000008001a64                DMA1_Channel2_IRQHandler
                0x0000000008001a64                TIM8_BRK_IRQHandler
                0x0000000008001a64                FLASH_IRQHandler
                0x0000000008001a64                TIM20_CC_IRQHandler
                0x0000000008001a64                USART1_IRQHandler
                0x0000000008001a64                SPI3_IRQHandler
                0x0000000008001a64                I2C1_ER_IRQHandler
                0x0000000008001a64                FMC_IRQHandler
                0x0000000008001a64                LPTIM1_IRQHandler
                0x0000000008001a64                DMAMUX_OVR_IRQHandler
                0x0000000008001a64                I2C4_ER_IRQHandler
                0x0000000008001a64                USBWakeUp_IRQHandler
                0x0000000008001a64                SAI1_IRQHandler
                0x0000000008001a64                DMA2_Channel3_IRQHandler
                0x0000000008001a64                TIM1_BRK_TIM15_IRQHandler
 .text.HAL_Init
                0x0000000008001a66       0x30 ./Drivers/STM32G4xx_HAL_Driver/Src/stm32g4xx_hal.o
                0x0000000008001a66                HAL_Init
 *fill*         0x0000000008001a96        0x2 
 .text.HAL_IncTick
                0x0000000008001a98       0x24 ./Drivers/STM32G4xx_HAL_Driver/Src/stm32g4xx_hal.o
                0x0000000008001a98                HAL_IncTick
 .text.HAL_GetTick
                0x0000000008001abc       0x18 ./Drivers/STM32G4xx_HAL_Driver/Src/stm32g4xx_hal.o
                0x0000000008001abc                HAL_GetTick
 .text.HAL_Delay
                0x0000000008001ad4       0x44 ./Drivers/STM32G4xx_HAL_Driver/Src/stm32g4xx_hal.o
                0x0000000008001ad4                HAL_Delay
 .text.LL_ADC_SetCommonClock
                0x0000000008001b18       0x26 ./Drivers/STM32G4xx_HAL_Driver/Src/stm32g4xx_hal_adc.o
 .text.LL_ADC_SetCommonPathInternalCh
                0x0000000008001b3e       0x26 ./Drivers/STM32G4xx_HAL_Driver/Src/stm32g4xx_hal_adc.o
 .text.LL_ADC_GetCommonPathInternalCh
                0x0000000008001b64       0x1c ./Drivers/STM32G4xx_HAL_Driver/Src/stm32g4xx_hal_adc.o
 .text.LL_ADC_SetOffset
                0x0000000008001b80       0x48 ./Drivers/STM32G4xx_HAL_Driver/Src/stm32g4xx_hal_adc.o
 .text.LL_ADC_GetOffsetChannel
                0x0000000008001bc8       0x2c ./Drivers/STM32G4xx_HAL_Driver/Src/stm32g4xx_hal_adc.o
 .text.LL_ADC_SetOffsetState
                0x0000000008001bf4       0x36 ./Drivers/STM32G4xx_HAL_Driver/Src/stm32g4xx_hal_adc.o
 .text.LL_ADC_SetOffsetSign
                0x0000000008001c2a       0x36 ./Drivers/STM32G4xx_HAL_Driver/Src/stm32g4xx_hal_adc.o
 .text.LL_ADC_SetOffsetSaturation
                0x0000000008001c60       0x36 ./Drivers/STM32G4xx_HAL_Driver/Src/stm32g4xx_hal_adc.o
 .text.LL_ADC_SetSamplingTimeCommonConfig
                0x0000000008001c96       0x26 ./Drivers/STM32G4xx_HAL_Driver/Src/stm32g4xx_hal_adc.o
 .text.LL_ADC_REG_SetSequencerRanks
                0x0000000008001cbc       0x58 ./Drivers/STM32G4xx_HAL_Driver/Src/stm32g4xx_hal_adc.o
 .text.LL_ADC_SetChannelSamplingTime
                0x0000000008001d14       0x56 ./Drivers/STM32G4xx_HAL_Driver/Src/stm32g4xx_hal_adc.o
 *fill*         0x0000000008001d6a        0x2 
 .text.LL_ADC_SetChannelSingleDiff
                0x0000000008001d6c       0x50 ./Drivers/STM32G4xx_HAL_Driver/Src/stm32g4xx_hal_adc.o
 .text.LL_ADC_DisableDeepPowerDown
                0x0000000008001dbc       0x24 ./Drivers/STM32G4xx_HAL_Driver/Src/stm32g4xx_hal_adc.o
 .text.LL_ADC_IsDeepPowerDownEnabled
                0x0000000008001de0       0x28 ./Drivers/STM32G4xx_HAL_Driver/Src/stm32g4xx_hal_adc.o
 .text.LL_ADC_EnableInternalRegulator
                0x0000000008001e08       0x28 ./Drivers/STM32G4xx_HAL_Driver/Src/stm32g4xx_hal_adc.o
 .text.LL_ADC_IsInternalRegulatorEnabled
                0x0000000008001e30       0x28 ./Drivers/STM32G4xx_HAL_Driver/Src/stm32g4xx_hal_adc.o
 .text.LL_ADC_IsEnabled
                0x0000000008001e58       0x26 ./Drivers/STM32G4xx_HAL_Driver/Src/stm32g4xx_hal_adc.o
 .text.LL_ADC_REG_IsConversionOngoing
                0x0000000008001e7e       0x26 ./Drivers/STM32G4xx_HAL_Driver/Src/stm32g4xx_hal_adc.o
 .text.LL_ADC_INJ_IsConversionOngoing
                0x0000000008001ea4       0x26 ./Drivers/STM32G4xx_HAL_Driver/Src/stm32g4xx_hal_adc.o
 *fill*         0x0000000008001eca        0x2 
 .text.HAL_ADC_Init
                0x0000000008001ecc      0x384 ./Drivers/STM32G4xx_HAL_Driver/Src/stm32g4xx_hal_adc.o
                0x0000000008001ecc                HAL_ADC_Init
 .text.HAL_ADC_ConfigChannel
                0x0000000008002250      0x880 ./Drivers/STM32G4xx_HAL_Driver/Src/stm32g4xx_hal_adc.o
                0x0000000008002250                HAL_ADC_ConfigChannel
 .text.LL_ADC_IsEnabled
                0x0000000008002ad0       0x26 ./Drivers/STM32G4xx_HAL_Driver/Src/stm32g4xx_hal_adc_ex.o
 .text.LL_ADC_REG_IsConversionOngoing
                0x0000000008002af6       0x26 ./Drivers/STM32G4xx_HAL_Driver/Src/stm32g4xx_hal_adc_ex.o
 .text.HAL_ADCEx_MultiModeConfigChannel
                0x0000000008002b1c      0x210 ./Drivers/STM32G4xx_HAL_Driver/Src/stm32g4xx_hal_adc_ex.o
                0x0000000008002b1c                HAL_ADCEx_MultiModeConfigChannel
 .text.__NVIC_SetPriorityGrouping
                0x0000000008002d2c       0x48 ./Drivers/STM32G4xx_HAL_Driver/Src/stm32g4xx_hal_cortex.o
 .text.__NVIC_GetPriorityGrouping
                0x0000000008002d74       0x1c ./Drivers/STM32G4xx_HAL_Driver/Src/stm32g4xx_hal_cortex.o
 .text.__NVIC_EnableIRQ
                0x0000000008002d90       0x3c ./Drivers/STM32G4xx_HAL_Driver/Src/stm32g4xx_hal_cortex.o
 .text.__NVIC_SetPriority
                0x0000000008002dcc       0x54 ./Drivers/STM32G4xx_HAL_Driver/Src/stm32g4xx_hal_cortex.o
 .text.NVIC_EncodePriority
                0x0000000008002e20       0x66 ./Drivers/STM32G4xx_HAL_Driver/Src/stm32g4xx_hal_cortex.o
 .text.HAL_NVIC_SetPriorityGrouping
                0x0000000008002e86       0x16 ./Drivers/STM32G4xx_HAL_Driver/Src/stm32g4xx_hal_cortex.o
                0x0000000008002e86                HAL_NVIC_SetPriorityGrouping
 .text.HAL_NVIC_SetPriority
                0x0000000008002e9c       0x34 ./Drivers/STM32G4xx_HAL_Driver/Src/stm32g4xx_hal_cortex.o
                0x0000000008002e9c                HAL_NVIC_SetPriority
 .text.HAL_NVIC_EnableIRQ
                0x0000000008002ed0       0x1c ./Drivers/STM32G4xx_HAL_Driver/Src/stm32g4xx_hal_cortex.o
                0x0000000008002ed0                HAL_NVIC_EnableIRQ
 .text.HAL_DMA_Init
                0x0000000008002eec      0x150 ./Drivers/STM32G4xx_HAL_Driver/Src/stm32g4xx_hal_dma.o
                0x0000000008002eec                HAL_DMA_Init
 .text.HAL_DMA_IRQHandler
                0x000000000800303c      0x15e ./Drivers/STM32G4xx_HAL_Driver/Src/stm32g4xx_hal_dma.o
                0x000000000800303c                HAL_DMA_IRQHandler
 *fill*         0x000000000800319a        0x2 
 .text.DMA_CalcDMAMUXChannelBaseAndMask
                0x000000000800319c       0x7c ./Drivers/STM32G4xx_HAL_Driver/Src/stm32g4xx_hal_dma.o
 .text.DMA_CalcDMAMUXRequestGenBaseAndMask
                0x0000000008003218       0x48 ./Drivers/STM32G4xx_HAL_Driver/Src/stm32g4xx_hal_dma.o
 .text.HAL_GPIO_Init
                0x0000000008003260      0x304 ./Drivers/STM32G4xx_HAL_Driver/Src/stm32g4xx_hal_gpio.o
                0x0000000008003260                HAL_GPIO_Init
 .text.HAL_GPIO_WritePin
                0x0000000008003564       0x30 ./Drivers/STM32G4xx_HAL_Driver/Src/stm32g4xx_hal_gpio.o
                0x0000000008003564                HAL_GPIO_WritePin
 .text.HAL_GPIO_TogglePin
                0x0000000008003594       0x34 ./Drivers/STM32G4xx_HAL_Driver/Src/stm32g4xx_hal_gpio.o
                0x0000000008003594                HAL_GPIO_TogglePin
 .text.HAL_GPIO_EXTI_IRQHandler
                0x00000000080035c8       0x30 ./Drivers/STM32G4xx_HAL_Driver/Src/stm32g4xx_hal_gpio.o
                0x00000000080035c8                HAL_GPIO_EXTI_IRQHandler
 .text.HAL_GPIO_EXTI_Callback
                0x00000000080035f8       0x16 ./Drivers/STM32G4xx_HAL_Driver/Src/stm32g4xx_hal_gpio.o
                0x00000000080035f8                HAL_GPIO_EXTI_Callback
 *fill*         0x000000000800360e        0x2 
 .text.HAL_PWR_EnableBkUpAccess
                0x0000000008003610       0x20 ./Drivers/STM32G4xx_HAL_Driver/Src/stm32g4xx_hal_pwr.o
                0x0000000008003610                HAL_PWR_EnableBkUpAccess
 .text.HAL_PWREx_ControlVoltageScaling
                0x0000000008003630      0x148 ./Drivers/STM32G4xx_HAL_Driver/Src/stm32g4xx_hal_pwr_ex.o
                0x0000000008003630                HAL_PWREx_ControlVoltageScaling
 .text.HAL_PWREx_DisableUCPDDeadBattery
                0x0000000008003778       0x20 ./Drivers/STM32G4xx_HAL_Driver/Src/stm32g4xx_hal_pwr_ex.o
                0x0000000008003778                HAL_PWREx_DisableUCPDDeadBattery
 .text.HAL_RCC_OscConfig
                0x0000000008003798      0x630 ./Drivers/STM32G4xx_HAL_Driver/Src/stm32g4xx_hal_rcc.o
                0x0000000008003798                HAL_RCC_OscConfig
 .text.HAL_RCC_ClockConfig
                0x0000000008003dc8      0x278 ./Drivers/STM32G4xx_HAL_Driver/Src/stm32g4xx_hal_rcc.o
                0x0000000008003dc8                HAL_RCC_ClockConfig
 .text.HAL_RCC_GetSysClockFreq
                0x0000000008004040       0xc4 ./Drivers/STM32G4xx_HAL_Driver/Src/stm32g4xx_hal_rcc.o
                0x0000000008004040                HAL_RCC_GetSysClockFreq
 .text.HAL_RCC_GetHCLKFreq
                0x0000000008004104       0x18 ./Drivers/STM32G4xx_HAL_Driver/Src/stm32g4xx_hal_rcc.o
                0x0000000008004104                HAL_RCC_GetHCLKFreq
 .text.HAL_RCC_GetPCLK1Freq
                0x000000000800411c       0x2c ./Drivers/STM32G4xx_HAL_Driver/Src/stm32g4xx_hal_rcc.o
                0x000000000800411c                HAL_RCC_GetPCLK1Freq
 .text.HAL_RCC_GetPCLK2Freq
                0x0000000008004148       0x2c ./Drivers/STM32G4xx_HAL_Driver/Src/stm32g4xx_hal_rcc.o
                0x0000000008004148                HAL_RCC_GetPCLK2Freq
 .text.HAL_RCC_GetClockConfig
                0x0000000008004174       0x64 ./Drivers/STM32G4xx_HAL_Driver/Src/stm32g4xx_hal_rcc.o
                0x0000000008004174                HAL_RCC_GetClockConfig
 .text.RCC_GetSysClockFreqFromPLLSource
                0x00000000080041d8       0x8c ./Drivers/STM32G4xx_HAL_Driver/Src/stm32g4xx_hal_rcc.o
 .text.HAL_RCCEx_PeriphCLKConfig
                0x0000000008004264      0x49c ./Drivers/STM32G4xx_HAL_Driver/Src/stm32g4xx_hal_rcc_ex.o
                0x0000000008004264                HAL_RCCEx_PeriphCLKConfig
 .text.HAL_RTC_Init
                0x0000000008004700       0xea ./Drivers/STM32G4xx_HAL_Driver/Src/stm32g4xx_hal_rtc.o
                0x0000000008004700                HAL_RTC_Init
 .text.HAL_RTC_SetTime
                0x00000000080047ea      0x13a ./Drivers/STM32G4xx_HAL_Driver/Src/stm32g4xx_hal_rtc.o
                0x00000000080047ea                HAL_RTC_SetTime
 .text.HAL_RTC_SetDate
                0x0000000008004924      0x10e ./Drivers/STM32G4xx_HAL_Driver/Src/stm32g4xx_hal_rtc.o
                0x0000000008004924                HAL_RTC_SetDate
 .text.HAL_RTC_WaitForSynchro
                0x0000000008004a32       0x4c ./Drivers/STM32G4xx_HAL_Driver/Src/stm32g4xx_hal_rtc.o
                0x0000000008004a32                HAL_RTC_WaitForSynchro
 .text.RTC_EnterInitMode
                0x0000000008004a7e       0x6c ./Drivers/STM32G4xx_HAL_Driver/Src/stm32g4xx_hal_rtc.o
                0x0000000008004a7e                RTC_EnterInitMode
 .text.RTC_ExitInitMode
                0x0000000008004aea       0x86 ./Drivers/STM32G4xx_HAL_Driver/Src/stm32g4xx_hal_rtc.o
                0x0000000008004aea                RTC_ExitInitMode
 .text.RTC_ByteToBcd2
                0x0000000008004b70       0x40 ./Drivers/STM32G4xx_HAL_Driver/Src/stm32g4xx_hal_rtc.o
                0x0000000008004b70                RTC_ByteToBcd2
 .text.HAL_SPI_Init
                0x0000000008004bb0      0x156 ./Drivers/STM32G4xx_HAL_Driver/Src/stm32g4xx_hal_spi.o
                0x0000000008004bb0                HAL_SPI_Init
 .text.HAL_SPI_Transmit
                0x0000000008004d06      0x2dc ./Drivers/STM32G4xx_HAL_Driver/Src/stm32g4xx_hal_spi.o
                0x0000000008004d06                HAL_SPI_Transmit
 .text.HAL_SPI_Receive
                0x0000000008004fe2      0x260 ./Drivers/STM32G4xx_HAL_Driver/Src/stm32g4xx_hal_spi.o
                0x0000000008004fe2                HAL_SPI_Receive
 .text.HAL_SPI_TransmitReceive
                0x0000000008005242      0x426 ./Drivers/STM32G4xx_HAL_Driver/Src/stm32g4xx_hal_spi.o
                0x0000000008005242                HAL_SPI_TransmitReceive
 .text.SPI_WaitFlagStateUntilTimeout
                0x0000000008005668      0x110 ./Drivers/STM32G4xx_HAL_Driver/Src/stm32g4xx_hal_spi.o
 .text.SPI_WaitFifoStateUntilTimeout
                0x0000000008005778      0x12c ./Drivers/STM32G4xx_HAL_Driver/Src/stm32g4xx_hal_spi.o
 .text.SPI_EndRxTransaction
                0x00000000080058a4       0xb0 ./Drivers/STM32G4xx_HAL_Driver/Src/stm32g4xx_hal_spi.o
 .text.SPI_EndRxTxTransaction
                0x0000000008005954       0x8c ./Drivers/STM32G4xx_HAL_Driver/Src/stm32g4xx_hal_spi.o
 .text.HAL_TIM_Base_Init
                0x00000000080059e0       0xae ./Drivers/STM32G4xx_HAL_Driver/Src/stm32g4xx_hal_tim.o
                0x00000000080059e0                HAL_TIM_Base_Init
 *fill*         0x0000000008005a8e        0x2 
 .text.HAL_TIM_Base_Start_IT
                0x0000000008005a90       0xf0 ./Drivers/STM32G4xx_HAL_Driver/Src/stm32g4xx_hal_tim.o
                0x0000000008005a90                HAL_TIM_Base_Start_IT
 .text.HAL_TIM_IRQHandler
                0x0000000008005b80      0x2fe ./Drivers/STM32G4xx_HAL_Driver/Src/stm32g4xx_hal_tim.o
                0x0000000008005b80                HAL_TIM_IRQHandler
 *fill*         0x0000000008005e7e        0x2 
 .text.HAL_TIM_ConfigClockSource
                0x0000000008005e80      0x22c ./Drivers/STM32G4xx_HAL_Driver/Src/stm32g4xx_hal_tim.o
                0x0000000008005e80                HAL_TIM_ConfigClockSource
 .text.HAL_TIM_OC_DelayElapsedCallback
                0x00000000080060ac       0x14 ./Drivers/STM32G4xx_HAL_Driver/Src/stm32g4xx_hal_tim.o
                0x00000000080060ac                HAL_TIM_OC_DelayElapsedCallback
 .text.HAL_TIM_IC_CaptureCallback
                0x00000000080060c0       0x14 ./Drivers/STM32G4xx_HAL_Driver/Src/stm32g4xx_hal_tim.o
                0x00000000080060c0                HAL_TIM_IC_CaptureCallback
 .text.HAL_TIM_PWM_PulseFinishedCallback
                0x00000000080060d4       0x14 ./Drivers/STM32G4xx_HAL_Driver/Src/stm32g4xx_hal_tim.o
                0x00000000080060d4                HAL_TIM_PWM_PulseFinishedCallback
 .text.HAL_TIM_TriggerCallback
                0x00000000080060e8       0x14 ./Drivers/STM32G4xx_HAL_Driver/Src/stm32g4xx_hal_tim.o
                0x00000000080060e8                HAL_TIM_TriggerCallback
 .text.TIM_Base_SetConfig
                0x00000000080060fc      0x150 ./Drivers/STM32G4xx_HAL_Driver/Src/stm32g4xx_hal_tim.o
                0x00000000080060fc                TIM_Base_SetConfig
 .text.TIM_TI1_ConfigInputStage
                0x000000000800624c       0x5e ./Drivers/STM32G4xx_HAL_Driver/Src/stm32g4xx_hal_tim.o
 .text.TIM_TI2_ConfigInputStage
                0x00000000080062aa       0x60 ./Drivers/STM32G4xx_HAL_Driver/Src/stm32g4xx_hal_tim.o
 .text.TIM_ITRx_SetConfig
                0x000000000800630a       0x3a ./Drivers/STM32G4xx_HAL_Driver/Src/stm32g4xx_hal_tim.o
 .text.TIM_ETR_SetConfig
                0x0000000008006344       0x40 ./Drivers/STM32G4xx_HAL_Driver/Src/stm32g4xx_hal_tim.o
                0x0000000008006344                TIM_ETR_SetConfig
 .text.HAL_TIMEx_MasterConfigSynchronization
                0x0000000008006384      0x12c ./Drivers/STM32G4xx_HAL_Driver/Src/stm32g4xx_hal_tim_ex.o
                0x0000000008006384                HAL_TIMEx_MasterConfigSynchronization
 .text.HAL_TIMEx_CommutCallback
                0x00000000080064b0       0x14 ./Drivers/STM32G4xx_HAL_Driver/Src/stm32g4xx_hal_tim_ex.o
                0x00000000080064b0                HAL_TIMEx_CommutCallback
 .text.HAL_TIMEx_BreakCallback
                0x00000000080064c4       0x14 ./Drivers/STM32G4xx_HAL_Driver/Src/stm32g4xx_hal_tim_ex.o
                0x00000000080064c4                HAL_TIMEx_BreakCallback
 .text.HAL_TIMEx_Break2Callback
                0x00000000080064d8       0x14 ./Drivers/STM32G4xx_HAL_Driver/Src/stm32g4xx_hal_tim_ex.o
                0x00000000080064d8                HAL_TIMEx_Break2Callback
 .text.HAL_TIMEx_EncoderIndexCallback
                0x00000000080064ec       0x14 ./Drivers/STM32G4xx_HAL_Driver/Src/stm32g4xx_hal_tim_ex.o
                0x00000000080064ec                HAL_TIMEx_EncoderIndexCallback
 .text.HAL_TIMEx_DirectionChangeCallback
                0x0000000008006500       0x14 ./Drivers/STM32G4xx_HAL_Driver/Src/stm32g4xx_hal_tim_ex.o
                0x0000000008006500                HAL_TIMEx_DirectionChangeCallback
 .text.HAL_TIMEx_IndexErrorCallback
                0x0000000008006514       0x14 ./Drivers/STM32G4xx_HAL_Driver/Src/stm32g4xx_hal_tim_ex.o
                0x0000000008006514                HAL_TIMEx_IndexErrorCallback
 .text.HAL_TIMEx_TransitionErrorCallback
                0x0000000008006528       0x14 ./Drivers/STM32G4xx_HAL_Driver/Src/stm32g4xx_hal_tim_ex.o
                0x0000000008006528                HAL_TIMEx_TransitionErrorCallback
 .text.HAL_UART_Init
                0x000000000800653c       0xa0 ./Drivers/STM32G4xx_HAL_Driver/Src/stm32g4xx_hal_uart.o
                0x000000000800653c                HAL_UART_Init
 .text.HAL_UART_Transmit
                0x00000000080065dc      0x12c ./Drivers/STM32G4xx_HAL_Driver/Src/stm32g4xx_hal_uart.o
                0x00000000080065dc                HAL_UART_Transmit
 .text.UART_SetConfig
                0x0000000008006708      0x5f8 ./Drivers/STM32G4xx_HAL_Driver/Src/stm32g4xx_hal_uart.o
                0x0000000008006708                UART_SetConfig
 .text.UART_AdvFeatureConfig
                0x0000000008006d00      0x144 ./Drivers/STM32G4xx_HAL_Driver/Src/stm32g4xx_hal_uart.o
                0x0000000008006d00                UART_AdvFeatureConfig
 .text.UART_CheckIdleState
                0x0000000008006e44       0x96 ./Drivers/STM32G4xx_HAL_Driver/Src/stm32g4xx_hal_uart.o
                0x0000000008006e44                UART_CheckIdleState
 .text.UART_WaitOnFlagUntilTimeout
                0x0000000008006eda      0x190 ./Drivers/STM32G4xx_HAL_Driver/Src/stm32g4xx_hal_uart.o
                0x0000000008006eda                UART_WaitOnFlagUntilTimeout
 .text.HAL_UARTEx_DisableFifoMode
                0x000000000800706a       0x72 ./Drivers/STM32G4xx_HAL_Driver/Src/stm32g4xx_hal_uart_ex.o
                0x000000000800706a                HAL_UARTEx_DisableFifoMode
 .text.HAL_UARTEx_SetTxFifoThreshold
                0x00000000080070dc       0x7c ./Drivers/STM32G4xx_HAL_Driver/Src/stm32g4xx_hal_uart_ex.o
                0x00000000080070dc                HAL_UARTEx_SetTxFifoThreshold
 .text.HAL_UARTEx_SetRxFifoThreshold
                0x0000000008007158       0x7c ./Drivers/STM32G4xx_HAL_Driver/Src/stm32g4xx_hal_uart_ex.o
                0x0000000008007158                HAL_UARTEx_SetRxFifoThreshold
 .text.UARTEx_SetNbDataToProcess
                0x00000000080071d4       0x9c ./Drivers/STM32G4xx_HAL_Driver/Src/stm32g4xx_hal_uart_ex.o
 .text.WIZCHIP_READ
                0x0000000008007270       0x98 ./Drivers/ioLibrary_Driver-master/Ethernet/W5500/w5500.o
                0x0000000008007270                WIZCHIP_READ
 .text.WIZCHIP_WRITE
                0x0000000008007308       0x9c ./Drivers/ioLibrary_Driver-master/Ethernet/W5500/w5500.o
                0x0000000008007308                WIZCHIP_WRITE
 .text.WIZCHIP_READ_BUF
                0x00000000080073a4       0xc0 ./Drivers/ioLibrary_Driver-master/Ethernet/W5500/w5500.o
                0x00000000080073a4                WIZCHIP_READ_BUF
 .text.WIZCHIP_WRITE_BUF
                0x0000000008007464       0xc0 ./Drivers/ioLibrary_Driver-master/Ethernet/W5500/w5500.o
                0x0000000008007464                WIZCHIP_WRITE_BUF
 .text.getSn_TX_FSR
                0x0000000008007524       0x96 ./Drivers/ioLibrary_Driver-master/Ethernet/W5500/w5500.o
                0x0000000008007524                getSn_TX_FSR
 .text.getSn_RX_RSR
                0x00000000080075ba       0x96 ./Drivers/ioLibrary_Driver-master/Ethernet/W5500/w5500.o
                0x00000000080075ba                getSn_RX_RSR
 .text.wiz_send_data
                0x0000000008007650       0xb8 ./Drivers/ioLibrary_Driver-master/Ethernet/W5500/w5500.o
                0x0000000008007650                wiz_send_data
 .text.wiz_recv_data
                0x0000000008007708       0xb8 ./Drivers/ioLibrary_Driver-master/Ethernet/W5500/w5500.o
                0x0000000008007708                wiz_recv_data
 .text.socket   0x00000000080077c0      0x22c ./Drivers/ioLibrary_Driver-master/Ethernet/socket.o
                0x00000000080077c0                socket
 .text.close    0x00000000080079ec       0xdc ./Drivers/ioLibrary_Driver-master/Ethernet/socket.o
                0x00000000080079ec                close
 .text.listen   0x0000000008007ac8       0xb2 ./Drivers/ioLibrary_Driver-master/Ethernet/socket.o
                0x0000000008007ac8                listen
 *fill*         0x0000000008007b7a        0x2 
 .text.connect  0x0000000008007b7c      0x1b8 ./Drivers/ioLibrary_Driver-master/Ethernet/socket.o
                0x0000000008007b7c                connect
 .text.disconnect
                0x0000000008007d34       0xec ./Drivers/ioLibrary_Driver-master/Ethernet/socket.o
                0x0000000008007d34                disconnect
 .text.send     0x0000000008007e20      0x1f4 ./Drivers/ioLibrary_Driver-master/Ethernet/socket.o
                0x0000000008007e20                send
 .text.recv     0x0000000008008014      0x16c ./Drivers/ioLibrary_Driver-master/Ethernet/socket.o
                0x0000000008008014                recv
 .text.getsockopt
                0x0000000008008180      0x230 ./Drivers/ioLibrary_Driver-master/Ethernet/socket.o
                0x0000000008008180                getsockopt
 .text.wizchip_cris_enter
                0x00000000080083b0        0xe ./Drivers/ioLibrary_Driver-master/Ethernet/wizchip_conf.o
                0x00000000080083b0                wizchip_cris_enter
 .text.wizchip_cris_exit
                0x00000000080083be        0xe ./Drivers/ioLibrary_Driver-master/Ethernet/wizchip_conf.o
                0x00000000080083be                wizchip_cris_exit
 .text.wizchip_cs_select
                0x00000000080083cc        0xe ./Drivers/ioLibrary_Driver-master/Ethernet/wizchip_conf.o
                0x00000000080083cc                wizchip_cs_select
 .text.wizchip_cs_deselect
                0x00000000080083da        0xe ./Drivers/ioLibrary_Driver-master/Ethernet/wizchip_conf.o
                0x00000000080083da                wizchip_cs_deselect
 .text.wizchip_bus_readdata
                0x00000000080083e8       0x1a ./Drivers/ioLibrary_Driver-master/Ethernet/wizchip_conf.o
                0x00000000080083e8                wizchip_bus_readdata
 .text.wizchip_bus_writedata
                0x0000000008008402       0x1e ./Drivers/ioLibrary_Driver-master/Ethernet/wizchip_conf.o
                0x0000000008008402                wizchip_bus_writedata
 .text.wizchip_spi_readbyte
                0x0000000008008420       0x10 ./Drivers/ioLibrary_Driver-master/Ethernet/wizchip_conf.o
                0x0000000008008420                wizchip_spi_readbyte
 .text.wizchip_spi_writebyte
                0x0000000008008430       0x16 ./Drivers/ioLibrary_Driver-master/Ethernet/wizchip_conf.o
                0x0000000008008430                wizchip_spi_writebyte
 *fill*         0x0000000008008446        0x2 
 .text.reg_wizchip_cs_cbfunc
                0x0000000008008448       0x4c ./Drivers/ioLibrary_Driver-master/Ethernet/wizchip_conf.o
                0x0000000008008448                reg_wizchip_cs_cbfunc
 .text.reg_wizchip_spi_cbfunc
                0x0000000008008494       0x58 ./Drivers/ioLibrary_Driver-master/Ethernet/wizchip_conf.o
                0x0000000008008494                reg_wizchip_spi_cbfunc
 .text.ctlnetwork
                0x00000000080084ec       0x7c ./Drivers/ioLibrary_Driver-master/Ethernet/wizchip_conf.o
                0x00000000080084ec                ctlnetwork
 .text.wizchip_sw_reset
                0x0000000008008568       0x98 ./Drivers/ioLibrary_Driver-master/Ethernet/wizchip_conf.o
                0x0000000008008568                wizchip_sw_reset
 .text.wizchip_init
                0x0000000008008600      0x118 ./Drivers/ioLibrary_Driver-master/Ethernet/wizchip_conf.o
                0x0000000008008600                wizchip_init
 .text.wizchip_setnetinfo
                0x0000000008008718       0x80 ./Drivers/ioLibrary_Driver-master/Ethernet/wizchip_conf.o
                0x0000000008008718                wizchip_setnetinfo
 .text.wizchip_getnetinfo
                0x0000000008008798       0x80 ./Drivers/ioLibrary_Driver-master/Ethernet/wizchip_conf.o
                0x0000000008008798                wizchip_getnetinfo
 .text.wizchip_setnetmode
                0x0000000008008818       0x44 ./Drivers/ioLibrary_Driver-master/Ethernet/wizchip_conf.o
                0x0000000008008818                wizchip_setnetmode
 .text.wizchip_getnetmode
                0x000000000800885c       0x10 ./Drivers/ioLibrary_Driver-master/Ethernet/wizchip_conf.o
                0x000000000800885c                wizchip_getnetmode
 .text.wizchip_settimeout
                0x000000000800886c       0x42 ./Drivers/ioLibrary_Driver-master/Ethernet/wizchip_conf.o
                0x000000000800886c                wizchip_settimeout
 .text.wizchip_gettimeout
                0x00000000080088ae       0x44 ./Drivers/ioLibrary_Driver-master/Ethernet/wizchip_conf.o
                0x00000000080088ae                wizchip_gettimeout
 *fill*         0x00000000080088f2        0x2 
 .text.scan_files
                0x00000000080088f4       0xe8 ./Drivers/ioLibrary_Driver-master/Internet/FTPServer/ftpd.o
                0x00000000080088f4                scan_files
 .text.get_filesize
                0x00000000080089dc       0x6a ./Drivers/ioLibrary_Driver-master/Internet/FTPServer/ftpd.o
                0x00000000080089dc                get_filesize
 *fill*         0x0000000008008a46        0x2 
 .text.ftpd_init
                0x0000000008008a48      0x104 ./Drivers/ioLibrary_Driver-master/Internet/FTPServer/ftpd.o
                0x0000000008008a48                ftpd_init
 .text.ftpd_run
                0x0000000008008b4c      0x2f4 ./Drivers/ioLibrary_Driver-master/Internet/FTPServer/ftpd.o
                0x0000000008008b4c                ftpd_run
 .text.proc_ftpd
                0x0000000008008e40      0x94c ./Drivers/ioLibrary_Driver-master/Internet/FTPServer/ftpd.o
                0x0000000008008e40                proc_ftpd
 .text.pport    0x000000000800978c      0x108 ./Drivers/ioLibrary_Driver-master/Internet/FTPServer/ftpd.o
                0x000000000800978c                pport
 .text.ftpd_dsock_ready
                0x0000000008009894       0xa4 ./Drivers/ioLibrary_Driver-master/Internet/FTPServer/ftpd.o
                0x0000000008009894                ftpd_dsock_ready
 .text.ftpd_listcmd
                0x0000000008009938      0x11c ./Drivers/ioLibrary_Driver-master/Internet/FTPServer/ftpd.o
                0x0000000008009938                ftpd_listcmd
 .text.ftpd_retrcmd
                0x0000000008009a54      0x1e0 ./Drivers/ioLibrary_Driver-master/Internet/FTPServer/ftpd.o
                0x0000000008009a54                ftpd_retrcmd
 .text.ftpd_storcmd
                0x0000000008009c34      0x240 ./Drivers/ioLibrary_Driver-master/Internet/FTPServer/ftpd.o
                0x0000000008009c34                ftpd_storcmd
 .text.MX_FATFS_Init
                0x0000000008009e74       0x30 ./FATFS/App/app_fatfs.o
                0x0000000008009e74                MX_FATFS_Init
 .text.get_fattime
                0x0000000008009ea4       0x10 ./FATFS/App/app_fatfs.o
                0x0000000008009ea4                get_fattime
 .text.SELECT   0x0000000008009eb4       0x1a ./FATFS/Target/fatfs_sd.o
 .text.DESELECT
                0x0000000008009ece       0x1a ./FATFS/Target/fatfs_sd.o
 .text.SPI_TxByte
                0x0000000008009ee8       0x34 ./FATFS/Target/fatfs_sd.o
 .text.SPI_TxBuffer
                0x0000000008009f1c       0x34 ./FATFS/Target/fatfs_sd.o
 .text.SPI_RxByte
                0x0000000008009f50       0x38 ./FATFS/Target/fatfs_sd.o
 .text.SPI_RxBytePtr
                0x0000000008009f88       0x1c ./FATFS/Target/fatfs_sd.o
 .text.SD_ReadyWait
                0x0000000008009fa4       0x34 ./FATFS/Target/fatfs_sd.o
 .text.SD_PowerOn
                0x0000000008009fd8       0x84 ./FATFS/Target/fatfs_sd.o
 .text.SD_PowerOff
                0x000000000800a05c       0x18 ./FATFS/Target/fatfs_sd.o
 .text.SD_CheckPower
                0x000000000800a074       0x18 ./FATFS/Target/fatfs_sd.o
 .text.SD_RxDataBlock
                0x000000000800a08c       0x5c ./FATFS/Target/fatfs_sd.o
 .text.SD_TxDataBlock
                0x000000000800a0e8       0x86 ./FATFS/Target/fatfs_sd.o
 .text.SD_SendCmd
                0x000000000800a16e       0xa8 ./FATFS/Target/fatfs_sd.o
 *fill*         0x000000000800a216        0x2 
 .text.SD_disk_initialize
                0x000000000800a218      0x1cc ./FATFS/Target/fatfs_sd.o
                0x000000000800a218                SD_disk_initialize
 .text.SD_disk_status
                0x000000000800a3e4       0x2c ./FATFS/Target/fatfs_sd.o
                0x000000000800a3e4                SD_disk_status
 .text.SD_disk_read
                0x000000000800a410       0xd4 ./FATFS/Target/fatfs_sd.o
                0x000000000800a410                SD_disk_read
 .text.SD_disk_write
                0x000000000800a4e4      0x108 ./FATFS/Target/fatfs_sd.o
                0x000000000800a4e4                SD_disk_write
 .text.SD_disk_ioctl
                0x000000000800a5ec      0x258 ./FATFS/Target/fatfs_sd.o
                0x000000000800a5ec                SD_disk_ioctl
 .text.USER_initialize
                0x000000000800a844       0x2c ./FATFS/Target/user_diskio.o
                0x000000000800a844                USER_initialize
 .text.USER_status
                0x000000000800a870       0x2c ./FATFS/Target/user_diskio.o
                0x000000000800a870                USER_status
 .text.USER_read
                0x000000000800a89c       0x26 ./FATFS/Target/user_diskio.o
                0x000000000800a89c                USER_read
 .text.USER_write
                0x000000000800a8c2       0x26 ./FATFS/Target/user_diskio.o
                0x000000000800a8c2                USER_write
 .text.USER_ioctl
                0x000000000800a8e8       0x2a ./FATFS/Target/user_diskio.o
                0x000000000800a8e8                USER_ioctl
 *fill*         0x000000000800a912        0x2 
 .text.disk_status
                0x000000000800a914       0x34 ./Middlewares/Third_Party/FatFs/src/diskio.o
                0x000000000800a914                disk_status
 .text.disk_initialize
                0x000000000800a948       0x4c ./Middlewares/Third_Party/FatFs/src/diskio.o
                0x000000000800a948                disk_initialize
 .text.disk_read
                0x000000000800a994       0x40 ./Middlewares/Third_Party/FatFs/src/diskio.o
                0x000000000800a994                disk_read
 .text.disk_write
                0x000000000800a9d4       0x40 ./Middlewares/Third_Party/FatFs/src/diskio.o
                0x000000000800a9d4                disk_write
 .text.disk_ioctl
                0x000000000800aa14       0x3c ./Middlewares/Third_Party/FatFs/src/diskio.o
                0x000000000800aa14                disk_ioctl
 .text.ld_word  0x000000000800aa50       0x30 ./Middlewares/Third_Party/FatFs/src/ff.o
 .text.ld_dword
                0x000000000800aa80       0x46 ./Middlewares/Third_Party/FatFs/src/ff.o
 .text.st_word  0x000000000800aac6       0x36 ./Middlewares/Third_Party/FatFs/src/ff.o
 .text.st_dword
                0x000000000800aafc       0x58 ./Middlewares/Third_Party/FatFs/src/ff.o
 .text.mem_cpy  0x000000000800ab54       0x42 ./Middlewares/Third_Party/FatFs/src/ff.o
 .text.mem_set  0x000000000800ab96       0x36 ./Middlewares/Third_Party/FatFs/src/ff.o
 .text.mem_cmp  0x000000000800abcc       0x4e ./Middlewares/Third_Party/FatFs/src/ff.o
 .text.chk_chr  0x000000000800ac1a       0x36 ./Middlewares/Third_Party/FatFs/src/ff.o
 .text.chk_lock
                0x000000000800ac50       0xb8 ./Middlewares/Third_Party/FatFs/src/ff.o
 .text.enq_lock
                0x000000000800ad08       0x44 ./Middlewares/Third_Party/FatFs/src/ff.o
 .text.inc_lock
                0x000000000800ad4c      0x11c ./Middlewares/Third_Party/FatFs/src/ff.o
 .text.dec_lock
                0x000000000800ae68       0x78 ./Middlewares/Third_Party/FatFs/src/ff.o
 .text.clear_lock
                0x000000000800aee0       0x48 ./Middlewares/Third_Party/FatFs/src/ff.o
 .text.sync_window
                0x000000000800af28       0x88 ./Middlewares/Third_Party/FatFs/src/ff.o
 .text.move_window
                0x000000000800afb0       0x5a ./Middlewares/Third_Party/FatFs/src/ff.o
 *fill*         0x000000000800b00a        0x2 
 .text.sync_fs  0x000000000800b00c       0xdc ./Middlewares/Third_Party/FatFs/src/ff.o
 .text.clust2sect
                0x000000000800b0e8       0x3e ./Middlewares/Third_Party/FatFs/src/ff.o
 .text.get_fat  0x000000000800b126      0x150 ./Middlewares/Third_Party/FatFs/src/ff.o
 .text.put_fat  0x000000000800b276      0x1d8 ./Middlewares/Third_Party/FatFs/src/ff.o
 .text.remove_chain
                0x000000000800b44e       0xca ./Middlewares/Third_Party/FatFs/src/ff.o
 .text.create_chain
                0x000000000800b518      0x130 ./Middlewares/Third_Party/FatFs/src/ff.o
 .text.clmt_clust
                0x000000000800b648       0x68 ./Middlewares/Third_Party/FatFs/src/ff.o
 .text.dir_sdi  0x000000000800b6b0       0xf6 ./Middlewares/Third_Party/FatFs/src/ff.o
 .text.dir_next
                0x000000000800b7a6      0x18a ./Middlewares/Third_Party/FatFs/src/ff.o
 .text.dir_alloc
                0x000000000800b930       0x8e ./Middlewares/Third_Party/FatFs/src/ff.o
 .text.ld_clust
                0x000000000800b9be       0x3e ./Middlewares/Third_Party/FatFs/src/ff.o
 .text.st_clust
                0x000000000800b9fc       0x40 ./Middlewares/Third_Party/FatFs/src/ff.o
 .text.cmp_lfn  0x000000000800ba3c       0xe0 ./Middlewares/Third_Party/FatFs/src/ff.o
 .text.pick_lfn
                0x000000000800bb1c       0xc8 ./Middlewares/Third_Party/FatFs/src/ff.o
 .text.put_lfn  0x000000000800bbe4       0xd0 ./Middlewares/Third_Party/FatFs/src/ff.o
 .text.gen_numname
                0x000000000800bcb4      0x11c ./Middlewares/Third_Party/FatFs/src/ff.o
 .text.sum_sfn  0x000000000800bdd0       0x42 ./Middlewares/Third_Party/FatFs/src/ff.o
 .text.dir_read
                0x000000000800be12      0x14e ./Middlewares/Third_Party/FatFs/src/ff.o
 .text.dir_find
                0x000000000800bf60      0x180 ./Middlewares/Third_Party/FatFs/src/ff.o
 .text.dir_register
                0x000000000800c0e0      0x1f0 ./Middlewares/Third_Party/FatFs/src/ff.o
 .text.dir_remove
                0x000000000800c2d0       0x94 ./Middlewares/Third_Party/FatFs/src/ff.o
 .text.get_fileinfo
                0x000000000800c364      0x1ba ./Middlewares/Third_Party/FatFs/src/ff.o
 *fill*         0x000000000800c51e        0x2 
 .text.create_name
                0x000000000800c520      0x370 ./Middlewares/Third_Party/FatFs/src/ff.o
 .text.follow_path
                0x000000000800c890       0xe2 ./Middlewares/Third_Party/FatFs/src/ff.o
 .text.get_ldnumber
                0x000000000800c972       0x88 ./Middlewares/Third_Party/FatFs/src/ff.o
 *fill*         0x000000000800c9fa        0x2 
 .text.check_fs
                0x000000000800c9fc       0xac ./Middlewares/Third_Party/FatFs/src/ff.o
 .text.find_volume
                0x000000000800caa8      0x498 ./Middlewares/Third_Party/FatFs/src/ff.o
 .text.validate
                0x000000000800cf40       0x6a ./Middlewares/Third_Party/FatFs/src/ff.o
 *fill*         0x000000000800cfaa        0x2 
 .text.f_mount  0x000000000800cfac       0x8c ./Middlewares/Third_Party/FatFs/src/ff.o
                0x000000000800cfac                f_mount
 .text.f_open   0x000000000800d038      0x39c ./Middlewares/Third_Party/FatFs/src/ff.o
                0x000000000800d038                f_open
 .text.f_read   0x000000000800d3d4      0x27e ./Middlewares/Third_Party/FatFs/src/ff.o
                0x000000000800d3d4                f_read
 .text.f_write  0x000000000800d652      0x2ea ./Middlewares/Third_Party/FatFs/src/ff.o
                0x000000000800d652                f_write
 .text.f_sync   0x000000000800d93c       0xfc ./Middlewares/Third_Party/FatFs/src/ff.o
                0x000000000800d93c                f_sync
 .text.f_close  0x000000000800da38       0x54 ./Middlewares/Third_Party/FatFs/src/ff.o
                0x000000000800da38                f_close
 .text.f_opendir
                0x000000000800da8c      0x106 ./Middlewares/Third_Party/FatFs/src/ff.o
                0x000000000800da8c                f_opendir
 .text.f_closedir
                0x000000000800db92       0x4c ./Middlewares/Third_Party/FatFs/src/ff.o
                0x000000000800db92                f_closedir
 .text.f_readdir
                0x000000000800dbde       0x9a ./Middlewares/Third_Party/FatFs/src/ff.o
                0x000000000800dbde                f_readdir
 .text.f_unlink
                0x000000000800dc78      0x176 ./Middlewares/Third_Party/FatFs/src/ff.o
                0x000000000800dc78                f_unlink
 .text.f_mkdir  0x000000000800ddee      0x22e ./Middlewares/Third_Party/FatFs/src/ff.o
                0x000000000800ddee                f_mkdir
 .text.putc_bfd
                0x000000000800e01c       0x7a ./Middlewares/Third_Party/FatFs/src/ff.o
 .text.putc_flush
                0x000000000800e096       0x4a ./Middlewares/Third_Party/FatFs/src/ff.o
 .text.putc_init
                0x000000000800e0e0       0x2a ./Middlewares/Third_Party/FatFs/src/ff.o
 .text.f_puts   0x000000000800e10a       0x48 ./Middlewares/Third_Party/FatFs/src/ff.o
                0x000000000800e10a                f_puts
 *fill*         0x000000000800e152        0x2 
 .text.FATFS_LinkDriverEx
                0x000000000800e154       0x98 ./Middlewares/Third_Party/FatFs/src/ff_gen_drv.o
                0x000000000800e154                FATFS_LinkDriverEx
 .text.FATFS_LinkDriver
                0x000000000800e1ec       0x1e ./Middlewares/Third_Party/FatFs/src/ff_gen_drv.o
                0x000000000800e1ec                FATFS_LinkDriver
 *fill*         0x000000000800e20a        0x2 
 .text.ff_convert
                0x000000000800e20c       0x78 ./Middlewares/Third_Party/FatFs/src/option/ccsbcs.o
                0x000000000800e20c                ff_convert
 .text.ff_wtoupper
                0x000000000800e284      0x114 ./Middlewares/Third_Party/FatFs/src/option/ccsbcs.o
                0x000000000800e284                ff_wtoupper
 .text.ff_memalloc
                0x000000000800e398       0x18 ./Middlewares/Third_Party/FatFs/src/option/syscall.o
                0x000000000800e398                ff_memalloc
 .text.ff_memfree
                0x000000000800e3b0       0x16 ./Middlewares/Third_Party/FatFs/src/option/syscall.o
                0x000000000800e3b0                ff_memfree
 .text.atoi     0x000000000800e3c6        0x8 c:/st/stm32cubeide_1.9.0/stm32cubeide/plugins/com.st.stm32cube.ide.mcu.externaltools.gnu-tools-for-stm32.10.3-2021.10.win32_1.0.0.202111181127/tools/bin/../lib/gcc/arm-none-eabi/10.3.1/../../../../arm-none-eabi/lib/thumb/v7e-m+fp/hard\libc_nano.a(lib_a-atoi.o)
                0x000000000800e3c6                atoi
 *fill*         0x000000000800e3ce        0x2 
 .text.__errno  0x000000000800e3d0        0xc c:/st/stm32cubeide_1.9.0/stm32cubeide/plugins/com.st.stm32cube.ide.mcu.externaltools.gnu-tools-for-stm32.10.3-2021.10.win32_1.0.0.202111181127/tools/bin/../lib/gcc/arm-none-eabi/10.3.1/../../../../arm-none-eabi/lib/thumb/v7e-m+fp/hard\libc_nano.a(lib_a-errno.o)
                0x000000000800e3d0                __errno
 .text.__libc_init_array
                0x000000000800e3dc       0x48 c:/st/stm32cubeide_1.9.0/stm32cubeide/plugins/com.st.stm32cube.ide.mcu.externaltools.gnu-tools-for-stm32.10.3-2021.10.win32_1.0.0.202111181127/tools/bin/../lib/gcc/arm-none-eabi/10.3.1/../../../../arm-none-eabi/lib/thumb/v7e-m+fp/hard\libc_nano.a(lib_a-init.o)
                0x000000000800e3dc                __libc_init_array
 .text.malloc   0x000000000800e424       0x10 c:/st/stm32cubeide_1.9.0/stm32cubeide/plugins/com.st.stm32cube.ide.mcu.externaltools.gnu-tools-for-stm32.10.3-2021.10.win32_1.0.0.202111181127/tools/bin/../lib/gcc/arm-none-eabi/10.3.1/../../../../arm-none-eabi/lib/thumb/v7e-m+fp/hard\libc_nano.a(lib_a-malloc.o)
                0x000000000800e424                malloc
 .text.free     0x000000000800e434       0x10 c:/st/stm32cubeide_1.9.0/stm32cubeide/plugins/com.st.stm32cube.ide.mcu.externaltools.gnu-tools-for-stm32.10.3-2021.10.win32_1.0.0.202111181127/tools/bin/../lib/gcc/arm-none-eabi/10.3.1/../../../../arm-none-eabi/lib/thumb/v7e-m+fp/hard\libc_nano.a(lib_a-malloc.o)
                0x000000000800e434                free
 .text.memcpy   0x000000000800e444       0x1c c:/st/stm32cubeide_1.9.0/stm32cubeide/plugins/com.st.stm32cube.ide.mcu.externaltools.gnu-tools-for-stm32.10.3-2021.10.win32_1.0.0.202111181127/tools/bin/../lib/gcc/arm-none-eabi/10.3.1/../../../../arm-none-eabi/lib/thumb/v7e-m+fp/hard\libc_nano.a(lib_a-memcpy-stub.o)
                0x000000000800e444                memcpy
 .text.memset   0x000000000800e460       0x10 c:/st/stm32cubeide_1.9.0/stm32cubeide/plugins/com.st.stm32cube.ide.mcu.externaltools.gnu-tools-for-stm32.10.3-2021.10.win32_1.0.0.202111181127/tools/bin/../lib/gcc/arm-none-eabi/10.3.1/../../../../arm-none-eabi/lib/thumb/v7e-m+fp/hard\libc_nano.a(lib_a-memset.o)
                0x000000000800e460                memset
 .text._free_r  0x000000000800e470       0x98 c:/st/stm32cubeide_1.9.0/stm32cubeide/plugins/com.st.stm32cube.ide.mcu.externaltools.gnu-tools-for-stm32.10.3-2021.10.win32_1.0.0.202111181127/tools/bin/../lib/gcc/arm-none-eabi/10.3.1/../../../../arm-none-eabi/lib/thumb/v7e-m+fp/hard\libc_nano.a(lib_a-nano-freer.o)
                0x000000000800e470                _free_r
 .text.sbrk_aligned
                0x000000000800e508       0x40 c:/st/stm32cubeide_1.9.0/stm32cubeide/plugins/com.st.stm32cube.ide.mcu.externaltools.gnu-tools-for-stm32.10.3-2021.10.win32_1.0.0.202111181127/tools/bin/../lib/gcc/arm-none-eabi/10.3.1/../../../../arm-none-eabi/lib/thumb/v7e-m+fp/hard\libc_nano.a(lib_a-nano-mallocr.o)
 .text._malloc_r
                0x000000000800e548       0xe8 c:/st/stm32cubeide_1.9.0/stm32cubeide/plugins/com.st.stm32cube.ide.mcu.externaltools.gnu-tools-for-stm32.10.3-2021.10.win32_1.0.0.202111181127/tools/bin/../lib/gcc/arm-none-eabi/10.3.1/../../../../arm-none-eabi/lib/thumb/v7e-m+fp/hard\libc_nano.a(lib_a-nano-mallocr.o)
                0x000000000800e548                _malloc_r
 .text.printf   0x000000000800e630       0x30 c:/st/stm32cubeide_1.9.0/stm32cubeide/plugins/com.st.stm32cube.ide.mcu.externaltools.gnu-tools-for-stm32.10.3-2021.10.win32_1.0.0.202111181127/tools/bin/../lib/gcc/arm-none-eabi/10.3.1/../../../../arm-none-eabi/lib/thumb/v7e-m+fp/hard\libc_nano.a(lib_a-printf.o)
                0x000000000800e630                iprintf
                0x000000000800e630                printf
 .text.putchar  0x000000000800e660       0x2c c:/st/stm32cubeide_1.9.0/stm32cubeide/plugins/com.st.stm32cube.ide.mcu.externaltools.gnu-tools-for-stm32.10.3-2021.10.win32_1.0.0.202111181127/tools/bin/../lib/gcc/arm-none-eabi/10.3.1/../../../../arm-none-eabi/lib/thumb/v7e-m+fp/hard\libc_nano.a(lib_a-putchar.o)
                0x000000000800e660                putchar
 .text._puts_r  0x000000000800e68c       0xdc c:/st/stm32cubeide_1.9.0/stm32cubeide/plugins/com.st.stm32cube.ide.mcu.externaltools.gnu-tools-for-stm32.10.3-2021.10.win32_1.0.0.202111181127/tools/bin/../lib/gcc/arm-none-eabi/10.3.1/../../../../arm-none-eabi/lib/thumb/v7e-m+fp/hard\libc_nano.a(lib_a-puts.o)
                0x000000000800e68c                _puts_r
 .text.puts     0x000000000800e768       0x10 c:/st/stm32cubeide_1.9.0/stm32cubeide/plugins/com.st.stm32cube.ide.mcu.externaltools.gnu-tools-for-stm32.10.3-2021.10.win32_1.0.0.202111181127/tools/bin/../lib/gcc/arm-none-eabi/10.3.1/../../../../arm-none-eabi/lib/thumb/v7e-m+fp/hard\libc_nano.a(lib_a-puts.o)
                0x000000000800e768                puts
 .text._sbrk_r  0x000000000800e778       0x20 c:/st/stm32cubeide_1.9.0/stm32cubeide/plugins/com.st.stm32cube.ide.mcu.externaltools.gnu-tools-for-stm32.10.3-2021.10.win32_1.0.0.202111181127/tools/bin/../lib/gcc/arm-none-eabi/10.3.1/../../../../arm-none-eabi/lib/thumb/v7e-m+fp/hard\libc_nano.a(lib_a-sbrkr.o)
                0x000000000800e778                _sbrk_r
 .text.sprintf  0x000000000800e798       0x40 c:/st/stm32cubeide_1.9.0/stm32cubeide/plugins/com.st.stm32cube.ide.mcu.externaltools.gnu-tools-for-stm32.10.3-2021.10.win32_1.0.0.202111181127/tools/bin/../lib/gcc/arm-none-eabi/10.3.1/../../../../arm-none-eabi/lib/thumb/v7e-m+fp/hard\libc_nano.a(lib_a-sprintf.o)
                0x000000000800e798                siprintf
                0x000000000800e798                sprintf
 .text.strcpy   0x000000000800e7d8       0x10 c:/st/stm32cubeide_1.9.0/stm32cubeide/plugins/com.st.stm32cube.ide.mcu.externaltools.gnu-tools-for-stm32.10.3-2021.10.win32_1.0.0.202111181127/tools/bin/../lib/gcc/arm-none-eabi/10.3.1/../../../../arm-none-eabi/lib/thumb/v7e-m+fp/hard\libc_nano.a(lib_a-strcpy.o)
                0x000000000800e7d8                strcpy
 .text.strncmp  0x000000000800e7e8       0x28 c:/st/stm32cubeide_1.9.0/stm32cubeide/plugins/com.st.stm32cube.ide.mcu.externaltools.gnu-tools-for-stm32.10.3-2021.10.win32_1.0.0.202111181127/tools/bin/../lib/gcc/arm-none-eabi/10.3.1/../../../../arm-none-eabi/lib/thumb/v7e-m+fp/hard\libc_nano.a(lib_a-strncmp.o)
                0x000000000800e7e8                strncmp
 .text.strrchr  0x000000000800e810       0x28 c:/st/stm32cubeide_1.9.0/stm32cubeide/plugins/com.st.stm32cube.ide.mcu.externaltools.gnu-tools-for-stm32.10.3-2021.10.win32_1.0.0.202111181127/tools/bin/../lib/gcc/arm-none-eabi/10.3.1/../../../../arm-none-eabi/lib/thumb/v7e-m+fp/hard\libc_nano.a(lib_a-strrchr.o)
                0x000000000800e810                strrchr
 .text.strtok   0x000000000800e838       0x68 c:/st/stm32cubeide_1.9.0/stm32cubeide/plugins/com.st.stm32cube.ide.mcu.externaltools.gnu-tools-for-stm32.10.3-2021.10.win32_1.0.0.202111181127/tools/bin/../lib/gcc/arm-none-eabi/10.3.1/../../../../arm-none-eabi/lib/thumb/v7e-m+fp/hard\libc_nano.a(lib_a-strtok.o)
                0x000000000800e838                strtok
 .text.__strtok_r
                0x000000000800e8a0       0x50 c:/st/stm32cubeide_1.9.0/stm32cubeide/plugins/com.st.stm32cube.ide.mcu.externaltools.gnu-tools-for-stm32.10.3-2021.10.win32_1.0.0.202111181127/tools/bin/../lib/gcc/arm-none-eabi/10.3.1/../../../../arm-none-eabi/lib/thumb/v7e-m+fp/hard\libc_nano.a(lib_a-strtok_r.o)
                0x000000000800e8a0                __strtok_r
 .text._strtol_l.constprop.0
                0x000000000800e8f0      0x104 c:/st/stm32cubeide_1.9.0/stm32cubeide/plugins/com.st.stm32cube.ide.mcu.externaltools.gnu-tools-for-stm32.10.3-2021.10.win32_1.0.0.202111181127/tools/bin/../lib/gcc/arm-none-eabi/10.3.1/../../../../arm-none-eabi/lib/thumb/v7e-m+fp/hard\libc_nano.a(lib_a-strtol.o)
 .text.strtol   0x000000000800e9f4       0x14 c:/st/stm32cubeide_1.9.0/stm32cubeide/plugins/com.st.stm32cube.ide.mcu.externaltools.gnu-tools-for-stm32.10.3-2021.10.win32_1.0.0.202111181127/tools/bin/../lib/gcc/arm-none-eabi/10.3.1/../../../../arm-none-eabi/lib/thumb/v7e-m+fp/hard\libc_nano.a(lib_a-strtol.o)
                0x000000000800e9f4                strtol
 .text.__swbuf_r
                0x000000000800ea08       0xa4 c:/st/stm32cubeide_1.9.0/stm32cubeide/plugins/com.st.stm32cube.ide.mcu.externaltools.gnu-tools-for-stm32.10.3-2021.10.win32_1.0.0.202111181127/tools/bin/../lib/gcc/arm-none-eabi/10.3.1/../../../../arm-none-eabi/lib/thumb/v7e-m+fp/hard\libc_nano.a(lib_a-wbuf.o)
                0x000000000800ea08                __swbuf_r
 .text.__swsetup_r
                0x000000000800eaac       0xdc c:/st/stm32cubeide_1.9.0/stm32cubeide/plugins/com.st.stm32cube.ide.mcu.externaltools.gnu-tools-for-stm32.10.3-2021.10.win32_1.0.0.202111181127/tools/bin/../lib/gcc/arm-none-eabi/10.3.1/../../../../arm-none-eabi/lib/thumb/v7e-m+fp/hard\libc_nano.a(lib_a-wsetup.o)
                0x000000000800eaac                __swsetup_r
 .text.__assert_func
                0x000000000800eb88       0x3c c:/st/stm32cubeide_1.9.0/stm32cubeide/plugins/com.st.stm32cube.ide.mcu.externaltools.gnu-tools-for-stm32.10.3-2021.10.win32_1.0.0.202111181127/tools/bin/../lib/gcc/arm-none-eabi/10.3.1/../../../../arm-none-eabi/lib/thumb/v7e-m+fp/hard\libc_nano.a(lib_a-assert.o)
                0x000000000800eb88                __assert_func
 .text.__sflush_r
                0x000000000800ebc4      0x10c c:/st/stm32cubeide_1.9.0/stm32cubeide/plugins/com.st.stm32cube.ide.mcu.externaltools.gnu-tools-for-stm32.10.3-2021.10.win32_1.0.0.202111181127/tools/bin/../lib/gcc/arm-none-eabi/10.3.1/../../../../arm-none-eabi/lib/thumb/v7e-m+fp/hard\libc_nano.a(lib_a-fflush.o)
                0x000000000800ebc4                __sflush_r
 .text._fflush_r
                0x000000000800ecd0       0x78 c:/st/stm32cubeide_1.9.0/stm32cubeide/plugins/com.st.stm32cube.ide.mcu.externaltools.gnu-tools-for-stm32.10.3-2021.10.win32_1.0.0.202111181127/tools/bin/../lib/gcc/arm-none-eabi/10.3.1/../../../../arm-none-eabi/lib/thumb/v7e-m+fp/hard\libc_nano.a(lib_a-fflush.o)
                0x000000000800ecd0                _fflush_r
 .text.std      0x000000000800ed48       0x48 c:/st/stm32cubeide_1.9.0/stm32cubeide/plugins/com.st.stm32cube.ide.mcu.externaltools.gnu-tools-for-stm32.10.3-2021.10.win32_1.0.0.202111181127/tools/bin/../lib/gcc/arm-none-eabi/10.3.1/../../../../arm-none-eabi/lib/thumb/v7e-m+fp/hard\libc_nano.a(lib_a-findfp.o)
 .text._cleanup_r
                0x000000000800ed90        0xc c:/st/stm32cubeide_1.9.0/stm32cubeide/plugins/com.st.stm32cube.ide.mcu.externaltools.gnu-tools-for-stm32.10.3-2021.10.win32_1.0.0.202111181127/tools/bin/../lib/gcc/arm-none-eabi/10.3.1/../../../../arm-none-eabi/lib/thumb/v7e-m+fp/hard\libc_nano.a(lib_a-findfp.o)
                0x000000000800ed90                _cleanup_r
 .text.__sfmoreglue
                0x000000000800ed9c       0x2c c:/st/stm32cubeide_1.9.0/stm32cubeide/plugins/com.st.stm32cube.ide.mcu.externaltools.gnu-tools-for-stm32.10.3-2021.10.win32_1.0.0.202111181127/tools/bin/../lib/gcc/arm-none-eabi/10.3.1/../../../../arm-none-eabi/lib/thumb/v7e-m+fp/hard\libc_nano.a(lib_a-findfp.o)
                0x000000000800ed9c                __sfmoreglue
 .text.__sfp_lock_acquire
                0x000000000800edc8        0xc c:/st/stm32cubeide_1.9.0/stm32cubeide/plugins/com.st.stm32cube.ide.mcu.externaltools.gnu-tools-for-stm32.10.3-2021.10.win32_1.0.0.202111181127/tools/bin/../lib/gcc/arm-none-eabi/10.3.1/../../../../arm-none-eabi/lib/thumb/v7e-m+fp/hard\libc_nano.a(lib_a-findfp.o)
                0x000000000800edc8                __sfp_lock_acquire
 .text.__sfp_lock_release
                0x000000000800edd4        0xc c:/st/stm32cubeide_1.9.0/stm32cubeide/plugins/com.st.stm32cube.ide.mcu.externaltools.gnu-tools-for-stm32.10.3-2021.10.win32_1.0.0.202111181127/tools/bin/../lib/gcc/arm-none-eabi/10.3.1/../../../../arm-none-eabi/lib/thumb/v7e-m+fp/hard\libc_nano.a(lib_a-findfp.o)
                0x000000000800edd4                __sfp_lock_release
 .text.__sinit_lock_acquire
                0x000000000800ede0        0xc c:/st/stm32cubeide_1.9.0/stm32cubeide/plugins/com.st.stm32cube.ide.mcu.externaltools.gnu-tools-for-stm32.10.3-2021.10.win32_1.0.0.202111181127/tools/bin/../lib/gcc/arm-none-eabi/10.3.1/../../../../arm-none-eabi/lib/thumb/v7e-m+fp/hard\libc_nano.a(lib_a-findfp.o)
                0x000000000800ede0                __sinit_lock_acquire
 .text.__sinit_lock_release
                0x000000000800edec        0xc c:/st/stm32cubeide_1.9.0/stm32cubeide/plugins/com.st.stm32cube.ide.mcu.externaltools.gnu-tools-for-stm32.10.3-2021.10.win32_1.0.0.202111181127/tools/bin/../lib/gcc/arm-none-eabi/10.3.1/../../../../arm-none-eabi/lib/thumb/v7e-m+fp/hard\libc_nano.a(lib_a-findfp.o)
                0x000000000800edec                __sinit_lock_release
 .text.__sinit  0x000000000800edf8       0x70 c:/st/stm32cubeide_1.9.0/stm32cubeide/plugins/com.st.stm32cube.ide.mcu.externaltools.gnu-tools-for-stm32.10.3-2021.10.win32_1.0.0.202111181127/tools/bin/../lib/gcc/arm-none-eabi/10.3.1/../../../../arm-none-eabi/lib/thumb/v7e-m+fp/hard\libc_nano.a(lib_a-findfp.o)
                0x000000000800edf8                __sinit
 .text.__sfp    0x000000000800ee68       0x8c c:/st/stm32cubeide_1.9.0/stm32cubeide/plugins/com.st.stm32cube.ide.mcu.externaltools.gnu-tools-for-stm32.10.3-2021.10.win32_1.0.0.202111181127/tools/bin/../lib/gcc/arm-none-eabi/10.3.1/../../../../arm-none-eabi/lib/thumb/v7e-m+fp/hard\libc_nano.a(lib_a-findfp.o)
                0x000000000800ee68                __sfp
 .text.fprintf  0x000000000800eef4       0x24 c:/st/stm32cubeide_1.9.0/stm32cubeide/plugins/com.st.stm32cube.ide.mcu.externaltools.gnu-tools-for-stm32.10.3-2021.10.win32_1.0.0.202111181127/tools/bin/../lib/gcc/arm-none-eabi/10.3.1/../../../../arm-none-eabi/lib/thumb/v7e-m+fp/hard\libc_nano.a(lib_a-fprintf.o)
                0x000000000800eef4                fiprintf
                0x000000000800eef4                fprintf
 .text._fwalk_reent
                0x000000000800ef18       0x3e c:/st/stm32cubeide_1.9.0/stm32cubeide/plugins/com.st.stm32cube.ide.mcu.externaltools.gnu-tools-for-stm32.10.3-2021.10.win32_1.0.0.202111181127/tools/bin/../lib/gcc/arm-none-eabi/10.3.1/../../../../arm-none-eabi/lib/thumb/v7e-m+fp/hard\libc_nano.a(lib_a-fwalk.o)
                0x000000000800ef18                _fwalk_reent
 .text.__retarget_lock_init_recursive
                0x000000000800ef56        0x2 c:/st/stm32cubeide_1.9.0/stm32cubeide/plugins/com.st.stm32cube.ide.mcu.externaltools.gnu-tools-for-stm32.10.3-2021.10.win32_1.0.0.202111181127/tools/bin/../lib/gcc/arm-none-eabi/10.3.1/../../../../arm-none-eabi/lib/thumb/v7e-m+fp/hard\libc_nano.a(lib_a-lock.o)
                0x000000000800ef56                __retarget_lock_init_recursive
 .text.__retarget_lock_acquire_recursive
                0x000000000800ef58        0x2 c:/st/stm32cubeide_1.9.0/stm32cubeide/plugins/com.st.stm32cube.ide.mcu.externaltools.gnu-tools-for-stm32.10.3-2021.10.win32_1.0.0.202111181127/tools/bin/../lib/gcc/arm-none-eabi/10.3.1/../../../../arm-none-eabi/lib/thumb/v7e-m+fp/hard\libc_nano.a(lib_a-lock.o)
                0x000000000800ef58                __retarget_lock_acquire_recursive
 .text.__retarget_lock_release_recursive
                0x000000000800ef5a        0x2 c:/st/stm32cubeide_1.9.0/stm32cubeide/plugins/com.st.stm32cube.ide.mcu.externaltools.gnu-tools-for-stm32.10.3-2021.10.win32_1.0.0.202111181127/tools/bin/../lib/gcc/arm-none-eabi/10.3.1/../../../../arm-none-eabi/lib/thumb/v7e-m+fp/hard\libc_nano.a(lib_a-lock.o)
                0x000000000800ef5a                __retarget_lock_release_recursive
 .text.__swhatbuf_r
                0x000000000800ef5c       0x4a c:/st/stm32cubeide_1.9.0/stm32cubeide/plugins/com.st.stm32cube.ide.mcu.externaltools.gnu-tools-for-stm32.10.3-2021.10.win32_1.0.0.202111181127/tools/bin/../lib/gcc/arm-none-eabi/10.3.1/../../../../arm-none-eabi/lib/thumb/v7e-m+fp/hard\libc_nano.a(lib_a-makebuf.o)
                0x000000000800ef5c                __swhatbuf_r
 *fill*         0x000000000800efa6        0x2 
 .text.__smakebuf_r
                0x000000000800efa8       0x80 c:/st/stm32cubeide_1.9.0/stm32cubeide/plugins/com.st.stm32cube.ide.mcu.externaltools.gnu-tools-for-stm32.10.3-2021.10.win32_1.0.0.202111181127/tools/bin/../lib/gcc/arm-none-eabi/10.3.1/../../../../arm-none-eabi/lib/thumb/v7e-m+fp/hard\libc_nano.a(lib_a-makebuf.o)
                0x000000000800efa8                __smakebuf_r
 .text.__malloc_lock
                0x000000000800f028        0xc c:/st/stm32cubeide_1.9.0/stm32cubeide/plugins/com.st.stm32cube.ide.mcu.externaltools.gnu-tools-for-stm32.10.3-2021.10.win32_1.0.0.202111181127/tools/bin/../lib/gcc/arm-none-eabi/10.3.1/../../../../arm-none-eabi/lib/thumb/v7e-m+fp/hard\libc_nano.a(lib_a-mlock.o)
                0x000000000800f028                __malloc_lock
 .text.__malloc_unlock
                0x000000000800f034        0xc c:/st/stm32cubeide_1.9.0/stm32cubeide/plugins/com.st.stm32cube.ide.mcu.externaltools.gnu-tools-for-stm32.10.3-2021.10.win32_1.0.0.202111181127/tools/bin/../lib/gcc/arm-none-eabi/10.3.1/../../../../arm-none-eabi/lib/thumb/v7e-m+fp/hard\libc_nano.a(lib_a-mlock.o)
                0x000000000800f034                __malloc_unlock
 .text.__ssputs_r
                0x000000000800f040       0xb6 c:/st/stm32cubeide_1.9.0/stm32cubeide/plugins/com.st.stm32cube.ide.mcu.externaltools.gnu-tools-for-stm32.10.3-2021.10.win32_1.0.0.202111181127/tools/bin/../lib/gcc/arm-none-eabi/10.3.1/../../../../arm-none-eabi/lib/thumb/v7e-m+fp/hard\libc_nano.a(lib_a-nano-svfprintf.o)
                0x000000000800f040                __ssputs_r
 *fill*         0x000000000800f0f6        0x2 
 .text._svfprintf_r
                0x000000000800f0f8      0x200 c:/st/stm32cubeide_1.9.0/stm32cubeide/plugins/com.st.stm32cube.ide.mcu.externaltools.gnu-tools-for-stm32.10.3-2021.10.win32_1.0.0.202111181127/tools/bin/../lib/gcc/arm-none-eabi/10.3.1/../../../../arm-none-eabi/lib/thumb/v7e-m+fp/hard\libc_nano.a(lib_a-nano-svfprintf.o)
                0x000000000800f0f8                _svfiprintf_r
                0x000000000800f0f8                _svfprintf_r
 .text.__sfputc_r
                0x000000000800f2f8       0x2e c:/st/stm32cubeide_1.9.0/stm32cubeide/plugins/com.st.stm32cube.ide.mcu.externaltools.gnu-tools-for-stm32.10.3-2021.10.win32_1.0.0.202111181127/tools/bin/../lib/gcc/arm-none-eabi/10.3.1/../../../../arm-none-eabi/lib/thumb/v7e-m+fp/hard\libc_nano.a(lib_a-nano-vfprintf.o)
 .text.__sfputs_r
                0x000000000800f326       0x24 c:/st/stm32cubeide_1.9.0/stm32cubeide/plugins/com.st.stm32cube.ide.mcu.externaltools.gnu-tools-for-stm32.10.3-2021.10.win32_1.0.0.202111181127/tools/bin/../lib/gcc/arm-none-eabi/10.3.1/../../../../arm-none-eabi/lib/thumb/v7e-m+fp/hard\libc_nano.a(lib_a-nano-vfprintf.o)
                0x000000000800f326                __sfputs_r
 *fill*         0x000000000800f34a        0x2 
 .text._vfprintf_r
                0x000000000800f34c      0x260 c:/st/stm32cubeide_1.9.0/stm32cubeide/plugins/com.st.stm32cube.ide.mcu.externaltools.gnu-tools-for-stm32.10.3-2021.10.win32_1.0.0.202111181127/tools/bin/../lib/gcc/arm-none-eabi/10.3.1/../../../../arm-none-eabi/lib/thumb/v7e-m+fp/hard\libc_nano.a(lib_a-nano-vfprintf.o)
                0x000000000800f34c                _vfprintf_r
                0x000000000800f34c                _vfiprintf_r
 .text._printf_common
                0x000000000800f5ac       0xda c:/st/stm32cubeide_1.9.0/stm32cubeide/plugins/com.st.stm32cube.ide.mcu.externaltools.gnu-tools-for-stm32.10.3-2021.10.win32_1.0.0.202111181127/tools/bin/../lib/gcc/arm-none-eabi/10.3.1/../../../../arm-none-eabi/lib/thumb/v7e-m+fp/hard\libc_nano.a(lib_a-nano-vfprintf_i.o)
                0x000000000800f5ac                _printf_common
 *fill*         0x000000000800f686        0x2 
 .text._printf_i
                0x000000000800f688      0x24c c:/st/stm32cubeide_1.9.0/stm32cubeide/plugins/com.st.stm32cube.ide.mcu.externaltools.gnu-tools-for-stm32.10.3-2021.10.win32_1.0.0.202111181127/tools/bin/../lib/gcc/arm-none-eabi/10.3.1/../../../../arm-none-eabi/lib/thumb/v7e-m+fp/hard\libc_nano.a(lib_a-nano-vfprintf_i.o)
                0x000000000800f688                _printf_i
 .text._putc_r  0x000000000800f8d4       0x90 c:/st/stm32cubeide_1.9.0/stm32cubeide/plugins/com.st.stm32cube.ide.mcu.externaltools.gnu-tools-for-stm32.10.3-2021.10.win32_1.0.0.202111181127/tools/bin/../lib/gcc/arm-none-eabi/10.3.1/../../../../arm-none-eabi/lib/thumb/v7e-m+fp/hard\libc_nano.a(lib_a-putc.o)
                0x000000000800f8d4                _putc_r
 .text.__sread  0x000000000800f964       0x22 c:/st/stm32cubeide_1.9.0/stm32cubeide/plugins/com.st.stm32cube.ide.mcu.externaltools.gnu-tools-for-stm32.10.3-2021.10.win32_1.0.0.202111181127/tools/bin/../lib/gcc/arm-none-eabi/10.3.1/../../../../arm-none-eabi/lib/thumb/v7e-m+fp/hard\libc_nano.a(lib_a-stdio.o)
                0x000000000800f964                __sread
 .text.__swrite
                0x000000000800f986       0x38 c:/st/stm32cubeide_1.9.0/stm32cubeide/plugins/com.st.stm32cube.ide.mcu.externaltools.gnu-tools-for-stm32.10.3-2021.10.win32_1.0.0.202111181127/tools/bin/../lib/gcc/arm-none-eabi/10.3.1/../../../../arm-none-eabi/lib/thumb/v7e-m+fp/hard\libc_nano.a(lib_a-stdio.o)
                0x000000000800f986                __swrite
 .text.__sseek  0x000000000800f9be       0x24 c:/st/stm32cubeide_1.9.0/stm32cubeide/plugins/com.st.stm32cube.ide.mcu.externaltools.gnu-tools-for-stm32.10.3-2021.10.win32_1.0.0.202111181127/tools/bin/../lib/gcc/arm-none-eabi/10.3.1/../../../../arm-none-eabi/lib/thumb/v7e-m+fp/hard\libc_nano.a(lib_a-stdio.o)
                0x000000000800f9be                __sseek
 .text.__sclose
                0x000000000800f9e2        0x8 c:/st/stm32cubeide_1.9.0/stm32cubeide/plugins/com.st.stm32cube.ide.mcu.externaltools.gnu-tools-for-stm32.10.3-2021.10.win32_1.0.0.202111181127/tools/bin/../lib/gcc/arm-none-eabi/10.3.1/../../../../arm-none-eabi/lib/thumb/v7e-m+fp/hard\libc_nano.a(lib_a-stdio.o)
                0x000000000800f9e2                __sclose
 .text.strchr   0x000000000800f9ea       0x1a c:/st/stm32cubeide_1.9.0/stm32cubeide/plugins/com.st.stm32cube.ide.mcu.externaltools.gnu-tools-for-stm32.10.3-2021.10.win32_1.0.0.202111181127/tools/bin/../lib/gcc/arm-none-eabi/10.3.1/../../../../arm-none-eabi/lib/thumb/v7e-m+fp/hard\libc_nano.a(lib_a-strchr.o)
                0x000000000800f9ea                strchr
 .text._write_r
                0x000000000800fa04       0x24 c:/st/stm32cubeide_1.9.0/stm32cubeide/plugins/com.st.stm32cube.ide.mcu.externaltools.gnu-tools-for-stm32.10.3-2021.10.win32_1.0.0.202111181127/tools/bin/../lib/gcc/arm-none-eabi/10.3.1/../../../../arm-none-eabi/lib/thumb/v7e-m+fp/hard\libc_nano.a(lib_a-writer.o)
                0x000000000800fa04                _write_r
 .text.abort    0x000000000800fa28        0xe c:/st/stm32cubeide_1.9.0/stm32cubeide/plugins/com.st.stm32cube.ide.mcu.externaltools.gnu-tools-for-stm32.10.3-2021.10.win32_1.0.0.202111181127/tools/bin/../lib/gcc/arm-none-eabi/10.3.1/../../../../arm-none-eabi/lib/thumb/v7e-m+fp/hard\libc_nano.a(lib_a-abort.o)
                0x000000000800fa28                abort
 *fill*         0x000000000800fa36        0x2 
 .text._close_r
                0x000000000800fa38       0x20 c:/st/stm32cubeide_1.9.0/stm32cubeide/plugins/com.st.stm32cube.ide.mcu.externaltools.gnu-tools-for-stm32.10.3-2021.10.win32_1.0.0.202111181127/tools/bin/../lib/gcc/arm-none-eabi/10.3.1/../../../../arm-none-eabi/lib/thumb/v7e-m+fp/hard\libc_nano.a(lib_a-closer.o)
                0x000000000800fa38                _close_r
 .text._fstat_r
                0x000000000800fa58       0x24 c:/st/stm32cubeide_1.9.0/stm32cubeide/plugins/com.st.stm32cube.ide.mcu.externaltools.gnu-tools-for-stm32.10.3-2021.10.win32_1.0.0.202111181127/tools/bin/../lib/gcc/arm-none-eabi/10.3.1/../../../../arm-none-eabi/lib/thumb/v7e-m+fp/hard\libc_nano.a(lib_a-fstatr.o)
                0x000000000800fa58                _fstat_r
 .text._isatty_r
                0x000000000800fa7c       0x20 c:/st/stm32cubeide_1.9.0/stm32cubeide/plugins/com.st.stm32cube.ide.mcu.externaltools.gnu-tools-for-stm32.10.3-2021.10.win32_1.0.0.202111181127/tools/bin/../lib/gcc/arm-none-eabi/10.3.1/../../../../arm-none-eabi/lib/thumb/v7e-m+fp/hard\libc_nano.a(lib_a-isattyr.o)
                0x000000000800fa7c                _isatty_r
 .text._lseek_r
                0x000000000800fa9c       0x24 c:/st/stm32cubeide_1.9.0/stm32cubeide/plugins/com.st.stm32cube.ide.mcu.externaltools.gnu-tools-for-stm32.10.3-2021.10.win32_1.0.0.202111181127/tools/bin/../lib/gcc/arm-none-eabi/10.3.1/../../../../arm-none-eabi/lib/thumb/v7e-m+fp/hard\libc_nano.a(lib_a-lseekr.o)
                0x000000000800fa9c                _lseek_r
 .text.memmove  0x000000000800fac0       0x34 c:/st/stm32cubeide_1.9.0/stm32cubeide/plugins/com.st.stm32cube.ide.mcu.externaltools.gnu-tools-for-stm32.10.3-2021.10.win32_1.0.0.202111181127/tools/bin/../lib/gcc/arm-none-eabi/10.3.1/../../../../arm-none-eabi/lib/thumb/v7e-m+fp/hard\libc_nano.a(lib_a-memmove.o)
                0x000000000800fac0                memmove
 .text._realloc_r
                0x000000000800faf4       0x5e c:/st/stm32cubeide_1.9.0/stm32cubeide/plugins/com.st.stm32cube.ide.mcu.externaltools.gnu-tools-for-stm32.10.3-2021.10.win32_1.0.0.202111181127/tools/bin/../lib/gcc/arm-none-eabi/10.3.1/../../../../arm-none-eabi/lib/thumb/v7e-m+fp/hard\libc_nano.a(lib_a-nano-reallocr.o)
                0x000000000800faf4                _realloc_r
 *fill*         0x000000000800fb52        0x2 
 .text._read_r  0x000000000800fb54       0x24 c:/st/stm32cubeide_1.9.0/stm32cubeide/plugins/com.st.stm32cube.ide.mcu.externaltools.gnu-tools-for-stm32.10.3-2021.10.win32_1.0.0.202111181127/tools/bin/../lib/gcc/arm-none-eabi/10.3.1/../../../../arm-none-eabi/lib/thumb/v7e-m+fp/hard\libc_nano.a(lib_a-readr.o)
                0x000000000800fb54                _read_r
 .text._raise_r
                0x000000000800fb78       0x50 c:/st/stm32cubeide_1.9.0/stm32cubeide/plugins/com.st.stm32cube.ide.mcu.externaltools.gnu-tools-for-stm32.10.3-2021.10.win32_1.0.0.202111181127/tools/bin/../lib/gcc/arm-none-eabi/10.3.1/../../../../arm-none-eabi/lib/thumb/v7e-m+fp/hard\libc_nano.a(lib_a-signal.o)
                0x000000000800fb78                _raise_r
 .text.raise    0x000000000800fbc8       0x10 c:/st/stm32cubeide_1.9.0/stm32cubeide/plugins/com.st.stm32cube.ide.mcu.externaltools.gnu-tools-for-stm32.10.3-2021.10.win32_1.0.0.202111181127/tools/bin/../lib/gcc/arm-none-eabi/10.3.1/../../../../arm-none-eabi/lib/thumb/v7e-m+fp/hard\libc_nano.a(lib_a-signal.o)
                0x000000000800fbc8                raise
 .text._kill_r  0x000000000800fbd8       0x24 c:/st/stm32cubeide_1.9.0/stm32cubeide/plugins/com.st.stm32cube.ide.mcu.externaltools.gnu-tools-for-stm32.10.3-2021.10.win32_1.0.0.202111181127/tools/bin/../lib/gcc/arm-none-eabi/10.3.1/../../../../arm-none-eabi/lib/thumb/v7e-m+fp/hard\libc_nano.a(lib_a-signalr.o)
                0x000000000800fbd8                _kill_r
 .text._getpid_r
                0x000000000800fbfc        0x4 c:/st/stm32cubeide_1.9.0/stm32cubeide/plugins/com.st.stm32cube.ide.mcu.externaltools.gnu-tools-for-stm32.10.3-2021.10.win32_1.0.0.202111181127/tools/bin/../lib/gcc/arm-none-eabi/10.3.1/../../../../arm-none-eabi/lib/thumb/v7e-m+fp/hard\libc_nano.a(lib_a-signalr.o)
                0x000000000800fbfc                _getpid_r
 .text._malloc_usable_size_r
                0x000000000800fc00       0x10 c:/st/stm32cubeide_1.9.0/stm32cubeide/plugins/com.st.stm32cube.ide.mcu.externaltools.gnu-tools-for-stm32.10.3-2021.10.win32_1.0.0.202111181127/tools/bin/../lib/gcc/arm-none-eabi/10.3.1/../../../../arm-none-eabi/lib/thumb/v7e-m+fp/hard\libc_nano.a(lib_a-nano-msizer.o)
                0x000000000800fc00                _malloc_usable_size_r
 *(.glue_7)
 .glue_7        0x000000000800fc10        0x0 linker stubs
 *(.glue_7t)
 .glue_7t       0x000000000800fc10        0x0 linker stubs
 *(.eh_frame)
 .eh_frame      0x000000000800fc10        0x0 c:/st/stm32cubeide_1.9.0/stm32cubeide/plugins/com.st.stm32cube.ide.mcu.externaltools.gnu-tools-for-stm32.10.3-2021.10.win32_1.0.0.202111181127/tools/bin/../lib/gcc/arm-none-eabi/10.3.1/thumb/v7e-m+fp/hard/crtbegin.o
 *(.init)
 .init          0x000000000800fc10        0x4 c:/st/stm32cubeide_1.9.0/stm32cubeide/plugins/com.st.stm32cube.ide.mcu.externaltools.gnu-tools-for-stm32.10.3-2021.10.win32_1.0.0.202111181127/tools/bin/../lib/gcc/arm-none-eabi/10.3.1/thumb/v7e-m+fp/hard/crti.o
                0x000000000800fc10                _init
 .init          0x000000000800fc14        0x8 c:/st/stm32cubeide_1.9.0/stm32cubeide/plugins/com.st.stm32cube.ide.mcu.externaltools.gnu-tools-for-stm32.10.3-2021.10.win32_1.0.0.202111181127/tools/bin/../lib/gcc/arm-none-eabi/10.3.1/thumb/v7e-m+fp/hard/crtn.o
 *(.fini)
 .fini          0x000000000800fc1c        0x4 c:/st/stm32cubeide_1.9.0/stm32cubeide/plugins/com.st.stm32cube.ide.mcu.externaltools.gnu-tools-for-stm32.10.3-2021.10.win32_1.0.0.202111181127/tools/bin/../lib/gcc/arm-none-eabi/10.3.1/thumb/v7e-m+fp/hard/crti.o
                0x000000000800fc1c                _fini
 .fini          0x000000000800fc20        0x8 c:/st/stm32cubeide_1.9.0/stm32cubeide/plugins/com.st.stm32cube.ide.mcu.externaltools.gnu-tools-for-stm32.10.3-2021.10.win32_1.0.0.202111181127/tools/bin/../lib/gcc/arm-none-eabi/10.3.1/thumb/v7e-m+fp/hard/crtn.o
                0x000000000800fc28                . = ALIGN (0x4)
                0x000000000800fc28                _etext = .

.vfp11_veneer   0x000000000800fc28        0x0
 .vfp11_veneer  0x000000000800fc28        0x0 linker stubs

.v4_bx          0x000000000800fc28        0x0
 .v4_bx         0x000000000800fc28        0x0 linker stubs

.iplt           0x000000000800fc28        0x0
 .iplt          0x000000000800fc28        0x0 c:/st/stm32cubeide_1.9.0/stm32cubeide/plugins/com.st.stm32cube.ide.mcu.externaltools.gnu-tools-for-stm32.10.3-2021.10.win32_1.0.0.202111181127/tools/bin/../lib/gcc/arm-none-eabi/10.3.1/thumb/v7e-m+fp/hard/crtbegin.o

.rodata         0x000000000800fc28     0x10fc
                0x000000000800fc28                . = ALIGN (0x4)
 *(.rodata)
 .rodata        0x000000000800fc28       0xb8 ./Core/Src/main.o
 .rodata        0x000000000800fce0      0x92f ./Drivers/ioLibrary_Driver-master/Internet/FTPServer/ftpd.o
 *fill*         0x000000000801060f        0x1 
 .rodata        0x0000000008010610       0x48 ./Middlewares/Third_Party/FatFs/src/ff.o
 *(.rodata*)
 .rodata.AHBPrescTable
                0x0000000008010658       0x10 ./Core/Src/system_stm32g4xx.o