../Core/Src/main.c:134:5:main	48	static
../Core/Src/main.c:250:6:SystemClock_Config	88	static
../Core/Src/main.c:303:13:MX_ADC1_Init	56	static
../Core/Src/main.c:422:13:MX_ADC2_Init	40	static
../Core/Src/main.c:528:13:MX_LPUART1_UART_Init	8	static
../Core/Src/main.c:575:13:MX_RTC_Init	32	static
../Core/Src/main.c:641:13:MX_SPI2_Init	8	static
../Core/Src/main.c:681:13:MX_SPI3_Init	8	static
../Core/Src/main.c:721:13:MX_TIM2_Init	40	static
../Core/Src/main.c:764:13:MX_DMA_Init	16	static
../Core/Src/main.c:783:13:MX_GPIO_Init	48	static
../Core/Src/main.c:843:6:SDTimer_Handler	4	static
../Core/Src/main.c:852:6:CS_SEL_FUN	8	static
../Core/Src/main.c:858:6:CS_DES_FUN	8	static
../Core/Src/main.c:863:9:SPI_Received	16	static
../Core/Src/main.c:870:6:SPI_Transmit	16	static
../Core/Src/main.c:885:6:HAL_TIM_PeriodElapsedCallback	16	static
../Core/Src/main.c:904:6:Error_Handler	8	static,ignoring_inline_asm
